Component: ARM Compiler 5.06 update 7 (build 960) Tool: armlink [4d3601]

==============================================================================

Section Cross References

    systick.o(i.SysTick_Wait10ms) refers to systick.o(i.SysTick_Wait) for SysTick_Wait
    systick.o(i.SysTick_WaitVarTime) refers to systick.o(i.SysTick_Wait) for SysTick_Wait
    vl53l1_platform_2dx4.o(i.VL53L1_RdByte) refers to vl53l1_platform_2dx4.o(i.beginTxI2C) for beginTxI2C
    vl53l1_platform_2dx4.o(i.VL53L1_RdByte) refers to vl53l1_platform_2dx4.o(i.writeRegisterIndex) for writeRegisterIndex
    vl53l1_platform_2dx4.o(i.VL53L1_RdByte) refers to vl53l1_platform_2dx4.o(i.beginRxI2C) for beginRxI2C
    vl53l1_platform_2dx4.o(i.VL53L1_RdByte) refers to vl53l1_platform_2dx4.o(i.readI2C) for readI2C
    vl53l1_platform_2dx4.o(i.VL53L1_RdDWord) refers to vl53l1_platform_2dx4.o(i.beginTxI2C) for beginTxI2C
    vl53l1_platform_2dx4.o(i.VL53L1_RdDWord) refers to vl53l1_platform_2dx4.o(i.writeRegisterIndex) for writeRegisterIndex
    vl53l1_platform_2dx4.o(i.VL53L1_RdDWord) refers to vl53l1_platform_2dx4.o(i.beginRxI2C) for beginRxI2C
    vl53l1_platform_2dx4.o(i.VL53L1_RdDWord) refers to vl53l1_platform_2dx4.o(i.readI2C) for readI2C
    vl53l1_platform_2dx4.o(i.VL53L1_RdWord) refers to vl53l1_platform_2dx4.o(i.beginTxI2C) for beginTxI2C
    vl53l1_platform_2dx4.o(i.VL53L1_RdWord) refers to vl53l1_platform_2dx4.o(i.writeRegisterIndex) for writeRegisterIndex
    vl53l1_platform_2dx4.o(i.VL53L1_RdWord) refers to vl53l1_platform_2dx4.o(i.beginRxI2C) for beginRxI2C
    vl53l1_platform_2dx4.o(i.VL53L1_RdWord) refers to vl53l1_platform_2dx4.o(i.readI2C) for readI2C
    vl53l1_platform_2dx4.o(i.VL53L1_ReadMulti) refers to vl53l1_platform_2dx4.o(i.beginTxI2C) for beginTxI2C
    vl53l1_platform_2dx4.o(i.VL53L1_ReadMulti) refers to vl53l1_platform_2dx4.o(i.writeRegisterIndex) for writeRegisterIndex
    vl53l1_platform_2dx4.o(i.VL53L1_ReadMulti) refers to vl53l1_platform_2dx4.o(i.beginRxI2C) for beginRxI2C
    vl53l1_platform_2dx4.o(i.VL53L1_ReadMulti) refers to vl53l1_platform_2dx4.o(i.readI2C) for readI2C
    vl53l1_platform_2dx4.o(i.VL53L1_WaitMs) refers to systick.o(i.SysTick_Wait) for SysTick_Wait
    vl53l1_platform_2dx4.o(i.VL53L1_WrByte) refers to vl53l1_platform_2dx4.o(i.beginTxI2C) for beginTxI2C
    vl53l1_platform_2dx4.o(i.VL53L1_WrByte) refers to vl53l1_platform_2dx4.o(i.writeRegisterIndex_nostop) for writeRegisterIndex_nostop
    vl53l1_platform_2dx4.o(i.VL53L1_WrByte) refers to vl53l1_platform_2dx4.o(i.writeI2C) for writeI2C
    vl53l1_platform_2dx4.o(i.VL53L1_WrDWord) refers to vl53l1_platform_2dx4.o(i.beginTxI2C) for beginTxI2C
    vl53l1_platform_2dx4.o(i.VL53L1_WrDWord) refers to vl53l1_platform_2dx4.o(i.writeRegisterIndex) for writeRegisterIndex
    vl53l1_platform_2dx4.o(i.VL53L1_WrDWord) refers to vl53l1_platform_2dx4.o(i.writeI2C) for writeI2C
    vl53l1_platform_2dx4.o(i.VL53L1_WrWord) refers to vl53l1_platform_2dx4.o(i.beginTxI2C) for beginTxI2C
    vl53l1_platform_2dx4.o(i.VL53L1_WrWord) refers to vl53l1_platform_2dx4.o(i.writeRegisterIndex) for writeRegisterIndex
    vl53l1_platform_2dx4.o(i.VL53L1_WrWord) refers to vl53l1_platform_2dx4.o(i.writeI2C) for writeI2C
    vl53l1_platform_2dx4.o(i.VL53L1_WriteMulti) refers to vl53l1_platform_2dx4.o(i.beginTxI2C) for beginTxI2C
    vl53l1_platform_2dx4.o(i.VL53L1_WriteMulti) refers to vl53l1_platform_2dx4.o(i.writeRegisterIndex) for writeRegisterIndex
    vl53l1_platform_2dx4.o(i.VL53L1_WriteMulti) refers to vl53l1_platform_2dx4.o(i.writeI2C) for writeI2C
    vl53l1_platform_2dx4.o(i.readI2C) refers to onboardleds.o(i.FlashI2CRx) for FlashI2CRx
    vl53l1_platform_2dx4.o(i.readI2C) refers to onboardleds.o(i.FlashI2CError) for FlashI2CError
    vl53l1_platform_2dx4.o(i.writeI2C) refers to onboardleds.o(i.FlashI2CTx) for FlashI2CTx
    vl53l1_platform_2dx4.o(i.writeI2C) refers to onboardleds.o(i.FlashI2CError) for FlashI2CError
    vl53l1_platform_2dx4.o(i.writeRegisterIndex) refers to onboardleds.o(i.FlashI2CTx) for FlashI2CTx
    vl53l1_platform_2dx4.o(i.writeRegisterIndex) refers to onboardleds.o(i.FlashI2CError) for FlashI2CError
    vl53l1_platform_2dx4.o(i.writeRegisterIndex_nostop) refers to onboardleds.o(i.FlashI2CTx) for FlashI2CTx
    vl53l1_platform_2dx4.o(i.writeRegisterIndex_nostop) refers to onboardleds.o(i.FlashI2CError) for FlashI2CError
    vl53l1x_api.o(i.VL53L1X_BootState) refers to vl53l1_platform_2dx4.o(i.VL53L1_RdByte) for VL53L1_RdByte
    vl53l1x_api.o(i.VL53L1X_CheckForDataReady) refers to vl53l1x_api.o(i.VL53L1X_GetInterruptPolarity) for VL53L1X_GetInterruptPolarity
    vl53l1x_api.o(i.VL53L1X_CheckForDataReady) refers to vl53l1_platform_2dx4.o(i.VL53L1_RdByte) for VL53L1_RdByte
    vl53l1x_api.o(i.VL53L1X_ClearInterrupt) refers to vl53l1_platform_2dx4.o(i.VL53L1_WrByte) for VL53L1_WrByte
    vl53l1x_api.o(i.VL53L1X_GetAmbientPerSpad) refers to vl53l1_platform_2dx4.o(i.VL53L1_RdWord) for VL53L1_RdWord
[...]
    ddiv.o(x$fpl$ddiv) refers (Special) to usenofp.o(x$fpl$usenofp) for __I$use$fp
    ddiv.o(x$fpl$ddiv) refers to dretinf.o(x$fpl$dretinf) for __fpl_dretinf
    ddiv.o(x$fpl$ddiv) refers to dnaninf.o(x$fpl$dnaninf) for __fpl_dnaninf
    dfixu.o(x$fpl$dfixu) refers (Special) to usenofp.o(x$fpl$usenofp) for __I$use$fp
    dfixu.o(x$fpl$dfixu) refers to dnaninf.o(x$fpl$dnaninf) for __fpl_dnaninf
    dfixu.o(x$fpl$dfixur) refers (Special) to usenofp.o(x$fpl$usenofp) for __I$use$fp
    dfixu.o(x$fpl$dfixur) refers to dnaninf.o(x$fpl$dnaninf) for __fpl_dnaninf
    dflt_clz.o(x$fpl$dfltu) refers (Special) to usenofp.o(x$fpl$usenofp) for __I$use$fp
    dflt_clz.o(x$fpl$dflt) refers (Special) to usenofp.o(x$fpl$usenofp) for __I$use$fp
    dflt_clz.o(x$fpl$dfltn) refers (Special) to usenofp.o(x$fpl$usenofp) for __I$use$fp
    dmul.o(x$fpl$dmul) refers (Special) to usenofp.o(x$fpl$usenofp) for __I$use$fp
    dmul.o(x$fpl$dmul) refers to dretinf.o(x$fpl$dretinf) for __fpl_dretinf
    dmul.o(x$fpl$dmul) refers to dnaninf.o(x$fpl$dnaninf) for __fpl_dnaninf
    __rtentry.o(.ARM.Collect$$rtentry$$00000000) refers (Special) to __rtentry2.o(.ARM.Collect$$rtentry$$0000000A) for __rt_entry_li
    __rtentry.o(.ARM.Collect$$rtentry$$00000000) refers (Special) to __rtentry2.o(.ARM.Collect$$rtentry$$0000000D) for __rt_entry_main
    __rtentry.o(.ARM.Collect$$rtentry$$00000000) refers (Special) to __rtentry2.o(.ARM.Collect$$rtentry$$0000000C) for __rt_entry_postli_1
    __rtentry.o(.ARM.Collect$$rtentry$$00000000) refers (Special) to __rtentry2.o(.ARM.Collect$$rtentry$$00000009) for __rt_entry_postsh_1
    __rtentry.o(.ARM.Collect$$rtentry$$00000000) refers (Special) to __rtentry2.o(.ARM.Collect$$rtentry$$00000002) for __rt_entry_presh_1
    __rtentry.o(.ARM.Collect$$rtentry$$00000000) refers (Special) to __rtentry4.o(.ARM.Collect$$rtentry$$00000004) for __rt_entry_sh
    _printf_char_common.o(.text) refers to __printf.o(.text) for __printf
    dnaninf.o(x$fpl$dnaninf) refers (Special) to usenofp.o(x$fpl$usenofp) for __I$use$fp
    dretinf.o(x$fpl$dretinf) refers (Special) to usenofp.o(x$fpl$usenofp) for __I$use$fp
    __rtentry2.o(.ARM.Collect$$rtentry$$00000008) refers to boardinit2.o(.text) for _platform_post_stackheap_init
    __rtentry2.o(.ARM.Collect$$rtentry$$0000000A) refers to libinit.o(.ARM.Collect$$libinit$$00000000) for __rt_lib_init
    __rtentry2.o(.ARM.Collect$$rtentry$$0000000B) refers to boardinit3.o(.text) for _platform_post_lib_init
    __rtentry2.o(.ARM.Collect$$rtentry$$0000000D) refers to 2dx_studio_8c.o(i.main) for main
    __rtentry2.o(.ARM.Collect$$rtentry$$0000000D) refers to exit.o(.text) for exit
    __rtentry2.o(.ARM.exidx) refers to __rtentry2.o(.ARM.Collect$$rtentry$$00000001) for .ARM.Collect$$rtentry$$00000001
    __rtentry2.o(.ARM.exidx) refers to __rtentry2.o(.ARM.Collect$$rtentry$$00000008) for .ARM.Collect$$rtentry$$00000008
    __rtentry2.o(.ARM.exidx) refers to __rtentry2.o(.ARM.Collect$$rtentry$$0000000A) for .ARM.Collect$$rtentry$$0000000A
    __rtentry2.o(.ARM.exidx) refers to __rtentry2.o(.ARM.Collect$$rtentry$$0000000B) for .ARM.Collect$$rtentry$$0000000B
    __rtentry2.o(.ARM.exidx) refers to __rtentry2.o(.ARM.Collect$$rtentry$$0000000D) for .ARM.Collect$$rtentry$$0000000D
    __rtentry4.o(.ARM.Collect$$rtentry$$00000004) refers to sys_stackheap_outer.o(.text) for __user_setup_stackheap
    __rtentry4.o(.ARM.exidx) refers to __rtentry4.o(.ARM.Collect$$rtentry$$00000004) for .ARM.Collect$$rtentry$$00000004
    sys_stackheap_outer.o(.text) refers to libspace.o(.text) for __user_perproc_libspace
    sys_stackheap_outer.o(.text) refers to startup_msp432e401y_uvision.o(.text) for __user_initial_stackheap
    exit.o(.text) refers to rtexit.o(.ARM.Collect$$rtexit$$00000000) for __rt_exit
    libinit.o(.ARM.Collect$$libinit$$00000000) refers (Special) to libinit2.o(.ARM.Collect$$libinit$$0000002E) for __rt_lib_init_alloca_1
    libinit.o(.ARM.Collect$$libinit$$00000000) refers (Special) to libinit2.o(.ARM.Collect$$libinit$$0000002C) for __rt_lib_init_argv_1
    libinit.o(.ARM.Collect$$libinit$$00000000) refers (Special) to libinit2.o(.ARM.Collect$$libinit$$0000001B) for __rt_lib_init_atexit_1
    libinit.o(.ARM.Collect$$libinit$$00000000) refers (Special) to libinit2.o(.ARM.Collect$$libinit$$00000021) for __rt_lib_init_clock_1
    libinit.o(.ARM.Collect$$libinit$$00000000) refers (Special) to libinit2.o(.ARM.Collect$$libinit$$00000032) for __rt_lib_init_cpp_1
    libinit.o(.ARM.Collect$$libinit$$00000000) refers (Special) to libinit2.o(.ARM.Collect$$libinit$$00000030) for __rt_lib_init_exceptions_1
    libinit.o(.ARM.Collect$$libinit$$00000000) refers (Special) to libinit2.o(.ARM.Collect$$libinit$$00000001) for __rt_lib_init_fp_1
    libinit.o(.ARM.Collect$$libinit$$00000000) refers (Special) to libinit2.o(.ARM.Collect$$libinit$$0000001F) for __rt_lib_init_fp_trap_1
    libinit.o(.ARM.Collect$$libinit$$00000000) refers (Special) to libinit2.o(.ARM.Collect$$libinit$$00000023) for __rt_lib_init_getenv_1
    libinit.o(.ARM.Collect$$libinit$$00000000) refers (Special) to libinit2.o(.ARM.Collect$$libinit$$0000000A) for __rt_lib_init_heap_1
    libinit.o(.ARM.Collect$$libinit$$00000000) refers (Special) to libinit2.o(.ARM.Collect$$libinit$$00000011) for __rt_lib_init_lc_collate_1
    libinit.o(.ARM.Collect$$libinit$$00000000) refers (Special) to libinit2.o(.ARM.Collect$$libinit$$00000013) for __rt_lib_init_lc_ctype_1
    libinit.o(.ARM.Collect$$libinit$$00000000) refers (Special) to libinit2.o(.ARM.Collect$$libinit$$00000015) for __rt_lib_init_lc_monetary_1
    libinit.o(.ARM.Collect$$libinit$$00000000) refers (Special) to libinit2.o(.ARM.Collect$$libinit$$00000017) for __rt_lib_init_lc_numeric_1
    libinit.o(.ARM.Collect$$libinit$$00000000) refers (Special) to libinit2.o(.ARM.Collect$$libinit$$00000019) for __rt_lib_init_lc_time_1
    libinit.o(.ARM.Collect$$libinit$$00000000) refers (Special) to libinit2.o(.ARM.Collect$$libinit$$00000004) for __rt_lib_init_preinit_1
    libinit.o(.ARM.Collect$$libinit$$00000000) refers (Special) to libinit2.o(.ARM.Collect$$libinit$$0000000E) for __rt_lib_init_rand_1
    libinit.o(.ARM.Collect$$libinit$$00000000) refers (Special) to libinit2.o(.ARM.Collect$$libinit$$00000033) for __rt_lib_init_return
    libinit.o(.ARM.Collect$$libinit$$00000000) refers (Special) to libinit2.o(.ARM.Collect$$libinit$$0000001D) for __rt_lib_init_signal_1
    libinit.o(.ARM.Collect$$libinit$$00000000) refers (Special) to libinit2.o(.ARM.Collect$$libinit$$00000025) for __rt_lib_init_stdio_1
    libinit.o(.ARM.Collect$$libinit$$00000000) refers (Special) to libinit2.o(.ARM.Collect$$libinit$$0000000C) for __rt_lib_init_user_alloc_1
    libspace.o(.text) refers to libspace.o(.bss) for __libspace_start
    rtexit.o(.ARM.Collect$$rtexit$$00000000) refers (Special) to rtexit2.o(.ARM.Collect$$rtexit$$00000004) for __rt_exit_exit
    rtexit.o(.ARM.Collect$$rtexit$$00000000) refers (Special) to rtexit2.o(.ARM.Collect$$rtexit$$00000003) for __rt_exit_ls
    rtexit.o(.ARM.Collect$$rtexit$$00000000) refers (Special) to rtexit2.o(.ARM.Collect$$rtexit$$00000002) for __rt_exit_prels_1
    rtexit.o(.ARM.exidx) refers (Special) to rtexit2.o(.ARM.Collect$$rtexit$$00000004) for __rt_exit_exit
    rtexit.o(.ARM.exidx) refers (Special) to rtexit2.o(.ARM.Collect$$rtexit$$00000003) for __rt_exit_ls
    rtexit.o(.ARM.exidx) refers (Special) to rtexit2.o(.ARM.Collect$$rtexit$$00000002) for __rt_exit_prels_1
    rtexit.o(.ARM.exidx) refers to rtexit.o(.ARM.Collect$$rtexit$$00000000) for .ARM.Collect$$rtexit$$00000000
    libinit2.o(.ARM.Collect$$libinit$$00000001) refers to fpinit.o(x$fpl$fpinit) for _fp_init
    libinit2.o(.ARM.Collect$$libinit$$00000010) refers to libinit2.o(.ARM.Collect$$libinit$$0000000F) for .ARM.Collect$$libinit$$0000000F
    libinit2.o(.ARM.Collect$$libinit$$00000012) refers to libinit2.o(.ARM.Collect$$libinit$$0000000F) for .ARM.Collect$$libinit$$0000000F
    libinit2.o(.ARM.Collect$$libinit$$00000014) refers to libinit2.o(.ARM.Collect$$libinit$$0000000F) for .ARM.Collect$$libinit$$0000000F
    libinit2.o(.ARM.Collect$$libinit$$00000016) refers to libinit2.o(.ARM.Collect$$libinit$$0000000F) for .ARM.Collect$$libinit$$0000000F
    libinit2.o(.ARM.Collect$$libinit$$00000018) refers to libinit2.o(.ARM.Collect$$libinit$$0000000F) for .ARM.Collect$$libinit$$0000000F
    libinit2.o(.ARM.Collect$$libinit$$00000026) refers to argv_veneer.o(.emb_text) for __ARM_argv_veneer
    libinit2.o(.ARM.Collect$$libinit$$00000027) refers to argv_veneer.o(.emb_text) for __ARM_argv_veneer
    rtexit2.o(.ARM.Collect$$rtexit$$00000003) refers to libshutdown.o(.ARM.Collect$$libshutdown$$00000000) for __rt_lib_shutdown
    rtexit2.o(.ARM.Collect$$rtexit$$00000004) refers to sys_exit.o(.text) for _sys_exit
    rtexit2.o(.ARM.exidx) refers to rtexit2.o(.ARM.Collect$$rtexit$$00000001) for .ARM.Collect$$rtexit$$00000001
    rtexit2.o(.ARM.exidx) refers to rtexit2.o(.ARM.Collect$$rtexit$$00000003) for .ARM.Collect$$rtexit$$00000003
    rtexit2.o(.ARM.exidx) refers to rtexit2.o(.ARM.Collect$$rtexit$$00000004) for .ARM.Collect$$rtexit$$00000004
    argv_veneer.o(.emb_text) refers to no_argv.o(.text) for __ARM_get_argv
    sys_exit.o(.text) refers (Special) to use_no_semi.o(.text) for __I$use$semihosting
    sys_exit.o(.text) refers (Special) to indicate_semi.o(.text) for __semihosting_library_function
    _get_argv_nomalloc.o(.text) refers (Special) to hrguard.o(.text) for __heap_region$guard
    _get_argv_nomalloc.o(.text) refers to defsig_rtmem_outer.o(.text) for __rt_SIGRTMEM
    _get_argv_nomalloc.o(.text) refers to sys_command.o(.text) for _sys_command_string
    libshutdown.o(.ARM.Collect$$libshutdown$$00000000) refers (Special) to libshutdown2.o(.ARM.Collect$$libshutdown$$00000004) for __rt_lib_shutdown_cpp_1
    libshutdown.o(.ARM.Collect$$libshutdown$$00000000) refers (Special) to libshutdown2.o(.ARM.Collect$$libshutdown$$00000002) for __rt_lib_shutdown_fini_1
    libshutdown.o(.ARM.Collect$$libshutdown$$00000000) refers (Special) to libshutdown2.o(.ARM.Collect$$libshutdown$$00000009) for __rt_lib_shutdown_fp_trap_1
    libshutdown.o(.ARM.Collect$$libshutdown$$00000000) refers (Special) to libshutdown2.o(.ARM.Collect$$libshutdown$$00000011) for __rt_lib_shutdown_heap_1
    libshutdown.o(.ARM.Collect$$libshutdown$$00000000) refers (Special) to libshutdown2.o(.ARM.Collect$$libshutdown$$00000012) for __rt_lib_shutdown_return
    libshutdown.o(.ARM.Collect$$libshutdown$$00000000) refers (Special) to libshutdown2.o(.ARM.Collect$$libshutdown$$0000000C) for __rt_lib_shutdown_signal_1
    libshutdown.o(.ARM.Collect$$libshutdown$$00000000) refers (Special) to libshutdown2.o(.ARM.Collect$$libshutdown$$00000006) for __rt_lib_shutdown_stdio_1
    libshutdown.o(.ARM.Collect$$libshutdown$$00000000) refers (Special) to libshutdown2.o(.ARM.Collect$$libshutdown$$0000000E) for __rt_lib_shutdown_user_alloc_1
    sys_command.o(.text) refers (Special) to use_no_semi.o(.text) for __I$use$semihosting
    sys_command.o(.text) refers (Special) to indicate_semi.o(.text) for __semihosting_library_function
    defsig_rtmem_outer.o(.text) refers to defsig_rtmem_inner.o(.text) for __rt_SIGRTMEM_inner
    defsig_rtmem_outer.o(.text) refers to defsig_exit.o(.text) for __sig_exit
    defsig_rtmem_formal.o(.text) refers to rt_raise.o(.text) for __rt_raise
    rt_raise.o(.text) refers to __raise.o(.text) for __raise
    rt_raise.o(.text) refers to sys_exit.o(.text) for _sys_exit
    defsig_exit.o(.text) refers to sys_exit.o(.text) for _sys_exit
    defsig_rtmem_inner.o(.text) refers to defsig_general.o(.text) for __default_signal_display
    __raise.o(.text) refers to defsig.o(CL$$defsig) for __default_signal_handler
    defsig_general.o(.text) refers to sys_wrch.o(.text) for _ttywrch
    sys_wrch.o(.text) refers (Special) to use_no_semi.o(.text) for __I$use$semihosting
    sys_wrch.o(.text) refers (Special) to indicate_semi.o(.text) for __semihosting_library_function
    defsig.o(CL$$defsig) refers to defsig_rtmem_inner.o(.text) for __rt_SIGRTMEM_inner
    defsig_abrt_inner.o(.text) refers to defsig_general.o(.text) for __default_signal_display
    defsig_fpe_inner.o(.text) refers to defsig_general.o(.text) for __default_signal_display
    defsig_rtred_inner.o(.text) refers to defsig_general.o(.text) for __default_signal_display
    defsig_stak_inner.o(.text) refers to defsig_general.o(.text) for __default_signal_display
    defsig_pvfn_inner.o(.text) refers to defsig_general.o(.text) for __default_signal_display
    defsig_cppl_inner.o(.text) refers to defsig_general.o(.text) for __default_signal_display
    defsig_segv_inner.o(.text) refers to defsig_general.o(.text) for __default_signal_display
    defsig_other.o(.text) refers to defsig_general.o(.text) for __default_signal_display


==============================================================================

Removing Unused input sections from the image.

    Removing vl53l1_platform_2dx4.o(i.VL53L1_RdDWord), (86 bytes).
    Removing vl53l1_platform_2dx4.o(i.VL53L1_ReadMulti), (58 bytes).
    Removing vl53l1_platform_2dx4.o(i.VL53L1_WrDWord), (30 bytes).
    Removing vl53l1_platform_2dx4.o(i.VL53L1_WrWord), (48 bytes).
    Removing vl53l1_platform_2dx4.o(i.VL53L1_WriteMulti), (38 bytes).
    Removing vl53l1_platform_2dx4.o(.bss), (256 bytes).
    Removing vl53l1x_api.o(i.VL53L1X_GetAmbientPerSpad), (120 bytes).
    Removing vl53l1x_api.o(i.VL53L1X_GetDistanceMode), (48 bytes).
    Removing vl53l1x_api.o(i.VL53L1X_GetDistanceThresholdHigh), (30 bytes).
    Removing vl53l1x_api.o(i.VL53L1X_GetDistanceThresholdLow), (30 bytes).
    Removing vl53l1x_api.o(i.VL53L1X_GetDistanceThresholdWindow), (34 bytes).
    Removing vl53l1x_api.o(i.VL53L1X_GetInterMeasurementInMs), (128 bytes).
    Removing vl53l1x_api.o(i.VL53L1X_GetOffset), (54 bytes).
    Removing vl53l1x_api.o(i.VL53L1X_GetROICenter), (30 bytes).
    Removing vl53l1x_api.o(i.VL53L1X_GetROI_XY), (50 bytes).
    Removing vl53l1x_api.o(i.VL53L1X_GetResult), (120 bytes).
    Removing vl53l1x_api.o(i.VL53L1X_GetSWVersion), (18 bytes).
    Removing vl53l1x_api.o(i.VL53L1X_GetSigmaThreshold), (32 bytes).
    Removing vl53l1x_api.o(i.VL53L1X_GetSignalPerSpad), (120 bytes).
    Removing vl53l1x_api.o(i.VL53L1X_GetSignalThreshold), (38 bytes).
    Removing vl53l1x_api.o(i.VL53L1X_GetTimingBudgetInMs), (174 bytes).
    Removing vl53l1x_api.o(i.VL53L1X_GetXtalk), (38 bytes).
    Removing vl53l1x_api.o(i.VL53L1X_SetDistanceMode), (214 bytes).
    Removing vl53l1x_api.o(i.VL53L1X_SetDistanceThreshold), (130 bytes).
    Removing vl53l1x_api.o(i.VL53L1X_SetI2CAddress), (24 bytes).
    Removing vl53l1x_api.o(i.VL53L1X_SetInterMeasurementInMs), (104 bytes).
    Removing vl53l1x_api.o(i.VL53L1X_SetInterruptPolarity), (60 bytes).
    Removing vl53l1x_api.o(i.VL53L1X_SetOffset), (50 bytes).
    Removing vl53l1x_api.o(i.VL53L1X_SetROI), (86 bytes).
    Removing vl53l1x_api.o(i.VL53L1X_SetROICenter), (24 bytes).
    Removing vl53l1x_api.o(i.VL53L1X_SetSigmaThreshold), (40 bytes).
    Removing vl53l1x_api.o(i.VL53L1X_SetSignalThreshold), (22 bytes).
    Removing vl53l1x_api.o(i.VL53L1X_SetTimingBudgetInMs), (434 bytes).
    Removing vl53l1x_api.o(i.VL53L1X_SetXtalk), (64 bytes).
    Removing vl53l1x_api.o(i.VL53L1X_StartTemperatureUpdate), (110 bytes).
    Removing vl53l1x_api.o(.bss), (1023 bytes).
    Removing 2dx_studio_8c.o(i.DutyCycle_Percent), (140 bytes).
    Removing 2dx_studio_8c.o(i.PortG_Init), (100 bytes).
    Removing 2dx_studio_8c.o(i.PortN_Init), (144 bytes).
    Removing 2dx_studio_8c.o(i.VL53L1X_XSHUT), (60 bytes).
    Removing system_msp432e401y.o(.rev16_text), (4 bytes).
    Removing system_msp432e401y.o(.revsh_text), (4 bytes).
    Removing system_msp432e401y.o(.rrx_text), (6 bytes).
    Removing system_msp432e401y.o(i.SystemCoreClockUpdate), (240 bytes).

44 unused section(s) (total 4663 bytes) removed from the image.

==============================================================================

Image Symbol Table

    Local Symbols

    Symbol Name                              Value     Ov Type        Size  Object(Section)

    RESET                                    0x00000000   Section      508  startup_msp432e401y_uvision.o(RESET)
    ../clib/angel/boardlib.s                 0x00000000   Number         0  boardshut.o ABSOLUTE
    ../clib/angel/boardlib.s                 0x00000000   Number         0  boardinit3.o ABSOLUTE
    ../clib/angel/boardlib.s                 0x00000000   Number         0  boardinit2.o ABSOLUTE
    ../clib/angel/boardlib.s                 0x00000000   Number         0  boardinit1.o ABSOLUTE
    ../clib/angel/handlers.s                 0x00000000   Number         0  __scatter_zi.o ABSOLUTE
    ../clib/angel/handlers.s                 0x00000000   Number         0  __scatter_copy.o ABSOLUTE
    ../clib/angel/kernel.s                   0x00000000   Number         0  __rtentry2.o ABSOLUTE
    ../clib/angel/kernel.s                   0x00000000   Number         0  __rtentry.o ABSOLUTE
    ../clib/angel/kernel.s                   0x00000000   Number         0  rtexit2.o ABSOLUTE
    ../clib/angel/kernel.s                   0x00000000   Number         0  rtexit.o ABSOLUTE
    ../clib/angel/kernel.s                   0x00000000   Number         0  __rtentry4.o ABSOLUTE
    ../clib/angel/rt.s                       0x00000000   Number         0  rt_raise.o ABSOLUTE
    ../clib/angel/scatter.s                  0x00000000   Number         0  __scatter.o ABSOLUTE
    ../clib/angel/startup.s                  0x00000000   Number         0  __main.o ABSOLUTE
    ../clib/angel/sys.s                      0x00000000   Number         0  indicate_semi.o ABSOLUTE
    ../clib/angel/sys.s                      0x00000000   Number         0  use_no_semi.o ABSOLUTE
    ../clib/angel/sys.s                      0x00000000   Number         0  libspace.o ABSOLUTE
    ../clib/angel/sys.s                      0x00000000   Number         0  sys_stackheap_outer.o ABSOLUTE
    ../clib/angel/sysapp.c                   0x00000000   Number         0  sys_command.o ABSOLUTE
    ../clib/angel/sysapp.c                   0x00000000   Number         0  sys_exit.o ABSOLUTE
    ../clib/angel/sysapp.c                   0x00000000   Number         0  sys_wrch.o ABSOLUTE
    ../clib/armsys.c                         0x00000000   Number         0  no_argv.o ABSOLUTE
    ../clib/armsys.c                         0x00000000   Number         0  _get_argv_nomalloc.o ABSOLUTE
    ../clib/armsys.c                         0x00000000   Number         0  argv_veneer.o ABSOLUTE
    ../clib/armsys.c                         0x00000000   Number         0  argv_veneer.o ABSOLUTE
    ../clib/heapalloc.c                      0x00000000   Number         0  hrguard.o ABSOLUTE
    ../clib/heapaux.c                        0x00000000   Number         0  heapauxi.o ABSOLUTE
    ../clib/libinit.s                        0x00000000   Number         0  libshutdown.o ABSOLUTE
    ../clib/libinit.s                        0x00000000   Number         0  libshutdown2.o ABSOLUTE
    ../clib/libinit.s                        0x00000000   Number         0  libinit2.o ABSOLUTE
    ../clib/libinit.s                        0x00000000   Number         0  libinit.o ABSOLUTE
    ../clib/printf.c                         0x00000000   Number         0  _printf_hex_int_ll.o ABSOLUTE
    ../clib/printf.c                         0x00000000   Number         0  _printf_hex_int.o ABSOLUTE
    ../clib/printf.c                         0x00000000   Number         0  _printf_hex_ll.o ABSOLUTE
    ../clib/printf.c                         0x00000000   Number         0  _printf_dec.o ABSOLUTE
    ../clib/printf.c                         0x00000000   Number         0  _printf_hex_int_ptr.o ABSOLUTE
    ../clib/printf.c                         0x00000000   Number         0  __printf_flags_ss_wp.o ABSOLUTE
    ../clib/printf.c                         0x00000000   Number         0  _sputc.o ABSOLUTE
    ../clib/printf.c                         0x00000000   Number         0  __printf_ss_wp.o ABSOLUTE
    ../clib/printf.c                         0x00000000   Number         0  __printf.o ABSOLUTE
    ../clib/printf.c                         0x00000000   Number         0  __printf_flags_wp.o ABSOLUTE
    ../clib/printf.c                         0x00000000   Number         0  noretval__2sprintf.o ABSOLUTE
    ../clib/printf.c                         0x00000000   Number         0  __2sprintf.o ABSOLUTE
    ../clib/printf.c                         0x00000000   Number         0  _printf_intcommon.o ABSOLUTE
    ../clib/printf.c                         0x00000000   Number         0  _printf_hex_int_ll_ptr.o ABSOLUTE
    ../clib/printf.c                         0x00000000   Number         0  __printf_wp.o ABSOLUTE
    ../clib/printf.c                         0x00000000   Number         0  __printf_flags_ss.o ABSOLUTE
    ../clib/printf.c                         0x00000000   Number         0  _printf_hex_ll_ptr.o ABSOLUTE
    ../clib/printf.c                         0x00000000   Number         0  __printf_nopercent.o ABSOLUTE
    ../clib/printf.c                         0x00000000   Number         0  __printf_ss.o ABSOLUTE
    ../clib/printf.c                         0x00000000   Number         0  _printf_hex_ptr.o ABSOLUTE
    ../clib/printf.c                         0x00000000   Number         0  _printf_char_common.o ABSOLUTE
    ../clib/printf.c                         0x00000000   Number         0  __printf_flags.o ABSOLUTE
    ../clib/printf_percent.s                 0x00000000   Number         0  _printf_d.o ABSOLUTE
    ../clib/printf_percent.s                 0x00000000   Number         0  _printf_x.o ABSOLUTE
    ../clib/printf_percent.s                 0x00000000   Number         0  _printf_percent_end.o ABSOLUTE
    ../clib/printf_percent.s                 0x00000000   Number         0  _printf_percent.o ABSOLUTE
    ../clib/printf_percent.s                 0x00000000   Number         0  _printf_u.o ABSOLUTE
    ../clib/signal.c                         0x00000000   Number         0  defsig_segv_inner.o ABSOLUTE
    ../clib/signal.c                         0x00000000   Number         0  defsig_other.o ABSOLUTE
    ../clib/signal.c                         0x00000000   Number         0  defsig_rtmem_inner.o ABSOLUTE
    ../clib/signal.c                         0x00000000   Number         0  defsig_rtmem_outer.o ABSOLUTE
    ../clib/signal.c                         0x00000000   Number         0  defsig_rtmem_formal.o ABSOLUTE
    ../clib/signal.c                         0x00000000   Number         0  defsig_exit.o ABSOLUTE
    ../clib/signal.c                         0x00000000   Number         0  __raise.o ABSOLUTE
    ../clib/signal.c                         0x00000000   Number         0  defsig_general.o ABSOLUTE
    ../clib/signal.c                         0x00000000   Number         0  defsig_abrt_inner.o ABSOLUTE
    ../clib/signal.c                         0x00000000   Number         0  defsig_fpe_inner.o ABSOLUTE
    ../clib/signal.c                         0x00000000   Number         0  defsig_rtred_inner.o ABSOLUTE
    ../clib/signal.c                         0x00000000   Number         0  defsig_stak_inner.o ABSOLUTE
    ../clib/signal.c                         0x00000000   Number         0  defsig_pvfn_inner.o ABSOLUTE
    ../clib/signal.c                         0x00000000   Number         0  defsig_cppl_inner.o ABSOLUTE
    ../clib/signal.s                         0x00000000   Number         0  defsig.o ABSOLUTE
    ../clib/stdlib.c                         0x00000000   Number         0  exit.o ABSOLUTE
    ../fplib/ddiv.s                          0x00000000   Number         0  ddiv.o ABSOLUTE
    ../fplib/dfixu.s                         0x00000000   Number         0  dfixu.o ABSOLUTE
    ../fplib/dflt.s                          0x00000000   Number         0  dflt_clz.o ABSOLUTE
    ../fplib/dmul.s                          0x00000000   Number         0  dmul.o ABSOLUTE
    ../fplib/dnaninf.s                       0x00000000   Number         0  dnaninf.o ABSOLUTE
    ../fplib/dretinf.s                       0x00000000   Number         0  dretinf.o ABSOLUTE
    ../fplib/fpinit.s                        0x00000000   Number         0  fpinit.o ABSOLUTE
    ../fplib/usenofp.s                       0x00000000   Number         0  usenofp.o ABSOLUTE
    2dx_studio_8c.c                          0x00000000   Number         0  2dx_studio_8c.o ABSOLUTE
    PLL.c                                    0x00000000   Number         0  pll.o ABSOLUTE
    RTE\Device\MSP432E401Y\startup_msp432e401y_uvision.s 0x00000000   Number         0  startup_msp432e401y_uvision.o ABSOLUTE
    RTE\Device\MSP432E401Y\system_msp432e401y.c 0x00000000   Number         0  system_msp432e401y.o ABSOLUTE
    RTE\\Device\\MSP432E401Y\\system_msp432e401y.c 0x00000000   Number         0  system_msp432e401y.o ABSOLUTE
    SysTick.c                                0x00000000   Number         0  systick.o ABSOLUTE
    VL53L1X_api.c                            0x00000000   Number         0  vl53l1x_api.o ABSOLUTE
    dc.s                                     0x00000000   Number         0  dc.o ABSOLUTE
    onboardLEDs.c                            0x00000000   Number         0  onboardleds.o ABSOLUTE
    uart.c                                   0x00000000   Number         0  uart.o ABSOLUTE
    vl53l1_platform_2dx4.c                   0x00000000   Number         0  vl53l1_platform_2dx4.o ABSOLUTE
    !!!main                                  0x000001fc   Section        8  __main.o(!!!main)
    !!!scatter                               0x00000204   Section       52  __scatter.o(!!!scatter)
    !!handler_copy                           0x00000238   Section       26  __scatter_copy.o(!!handler_copy)
    !!handler_zi                             0x00000254   Section       28  __scatter_zi.o(!!handler_zi)
    .ARM.Collect$$_printf_percent$$00000000  0x00000270   Section        0  _printf_percent.o(.ARM.Collect$$_printf_percent$$00000000)
    .ARM.Collect$$_printf_percent$$00000009  0x00000270   Section        6  _printf_d.o(.ARM.Collect$$_printf_percent$$00000009)
    .ARM.Collect$$_printf_percent$$0000000A  0x00000276   Section        6  _printf_u.o(.ARM.Collect$$_printf_percent$$0000000A)
    .ARM.Collect$$_printf_percent$$0000000C  0x0000027c   Section        6  _printf_x.o(.ARM.Collect$$_printf_percent$$0000000C)
    .ARM.Collect$$_printf_percent$$00000017  0x00000282   Section        4  _printf_percent_end.o(.ARM.Collect$$_printf_percent$$00000017)
    .ARM.Collect$$libinit$$00000000          0x00000286   Section        2  libinit.o(.ARM.Collect$$libinit$$00000000)
    .ARM.Collect$$libinit$$00000001          0x00000288   Section        4  libinit2.o(.ARM.Collect$$libinit$$00000001)
    .ARM.Collect$$libinit$$00000004          0x0000028c   Section        0  libinit2.o(.ARM.Collect$$libinit$$00000004)
    .ARM.Collect$$libinit$$0000000A          0x0000028c   Section        0  libinit2.o(.ARM.Collect$$libinit$$0000000A)
    .ARM.Collect$$libinit$$0000000C          0x0000028c   Section        0  libinit2.o(.ARM.Collect$$libinit$$0000000C)
    .ARM.Collect$$libinit$$0000000E          0x0000028c   Section        0  libinit2.o(.ARM.Collect$$libinit$$0000000E)
    .ARM.Collect$$libinit$$00000011          0x0000028c   Section        0  libinit2.o(.ARM.Collect$$libinit$$00000011)
    .ARM.Collect$$libinit$$00000013          0x0000028c   Section        0  libinit2.o(.ARM.Collect$$libinit$$00000013)
    .ARM.Collect$$libinit$$00000015          0x0000028c   Section        0  libinit2.o(.ARM.Collect$$libinit$$00000015)
    .ARM.Collect$$libinit$$00000017          0x0000028c   Section        0  libinit2.o(.ARM.Collect$$libinit$$00000017)
    .ARM.Collect$$libinit$$00000019          0x0000028c   Section        0  libinit2.o(.ARM.Collect$$libinit$$00000019)
    .ARM.Collect$$libinit$$0000001B          0x0000028c   Section        0  libinit2.o(.ARM.Collect$$libinit$$0000001B)
    .ARM.Collect$$libinit$$0000001D          0x0000028c   Section        0  libinit2.o(.ARM.Collect$$libinit$$0000001D)
    .ARM.Collect$$libinit$$0000001F          0x0000028c   Section        0  libinit2.o(.ARM.Collect$$libinit$$0000001F)
    .ARM.Collect$$libinit$$00000021          0x0000028c   Section        0  libinit2.o(.ARM.Collect$$libinit$$00000021)
    .ARM.Collect$$libinit$$00000023          0x0000028c   Section        0  libinit2.o(.ARM.Collect$$libinit$$00000023)
    .ARM.Collect$$libinit$$00000025          0x0000028c   Section        0  libinit2.o(.ARM.Collect$$libinit$$00000025)
    .ARM.Collect$$libinit$$0000002C          0x0000028c   Section        0  libinit2.o(.ARM.Collect$$libinit$$0000002C)
    .ARM.Collect$$libinit$$0000002E          0x0000028c   Section        0  libinit2.o(.ARM.Collect$$libinit$$0000002E)
    .ARM.Collect$$libinit$$00000030          0x0000028c   Section        0  libinit2.o(.ARM.Collect$$libinit$$00000030)
    .ARM.Collect$$libinit$$00000032          0x0000028c   Section        0  libinit2.o(.ARM.Collect$$libinit$$00000032)
    .ARM.Collect$$libinit$$00000033          0x0000028c   Section        2  libinit2.o(.ARM.Collect$$libinit$$00000033)
    .ARM.Collect$$libshutdown$$00000000      0x0000028e   Section        2  libshutdown.o(.ARM.Collect$$libshutdown$$00000000)
    .ARM.Collect$$libshutdown$$00000002      0x00000290   Section        0  libshutdown2.o(.ARM.Collect$$libshutdown$$00000002)
    .ARM.Collect$$libshutdown$$00000004      0x00000290   Section        0  libshutdown2.o(.ARM.Collect$$libshutdown$$00000004)
    .ARM.Collect$$libshutdown$$00000006      0x00000290   Section        0  libshutdown2.o(.ARM.Collect$$libshutdown$$00000006)
    .ARM.Collect$$libshutdown$$00000009      0x00000290   Section        0  libshutdown2.o(.ARM.Collect$$libshutdown$$00000009)
    .ARM.Collect$$libshutdown$$0000000C      0x00000290   Section        0  libshutdown2.o(.ARM.Collect$$libshutdown$$0000000C)
    .ARM.Collect$$libshutdown$$0000000E      0x00000290   Section        0  libshutdown2.o(.ARM.Collect$$libshutdown$$0000000E)
    .ARM.Collect$$libshutdown$$00000011      0x00000290   Section        0  libshutdown2.o(.ARM.Collect$$libshutdown$$00000011)
    .ARM.Collect$$libshutdown$$00000012      0x00000290   Section        2  libshutdown2.o(.ARM.Collect$$libshutdown$$00000012)
    .ARM.Collect$$rtentry$$00000000          0x00000292   Section        0  __rtentry.o(.ARM.Collect$$rtentry$$00000000)
    .ARM.Collect$$rtentry$$00000002          0x00000292   Section        0  __rtentry2.o(.ARM.Collect$$rtentry$$00000002)
    .ARM.Collect$$rtentry$$00000004          0x00000292   Section        6  __rtentry4.o(.ARM.Collect$$rtentry$$00000004)
    .ARM.Collect$$rtentry$$00000009          0x00000298   Section        0  __rtentry2.o(.ARM.Collect$$rtentry$$00000009)
    .ARM.Collect$$rtentry$$0000000A          0x00000298   Section        4  __rtentry2.o(.ARM.Collect$$rtentry$$0000000A)
    .ARM.Collect$$rtentry$$0000000C          0x0000029c   Section        0  __rtentry2.o(.ARM.Collect$$rtentry$$0000000C)
    .ARM.Collect$$rtentry$$0000000D          0x0000029c   Section        8  __rtentry2.o(.ARM.Collect$$rtentry$$0000000D)
    .ARM.Collect$$rtexit$$00000000           0x000002a4   Section        2  rtexit.o(.ARM.Collect$$rtexit$$00000000)
    .ARM.Collect$$rtexit$$00000002           0x000002a6   Section        0  rtexit2.o(.ARM.Collect$$rtexit$$00000002)
    .ARM.Collect$$rtexit$$00000003           0x000002a6   Section        4  rtexit2.o(.ARM.Collect$$rtexit$$00000003)
    .ARM.Collect$$rtexit$$00000004           0x000002aa   Section        6  rtexit2.o(.ARM.Collect$$rtexit$$00000004)
    .text                                    0x000002b0   Section       60  startup_msp432e401y_uvision.o(.text)
    $v0                                      0x000002b0   Number         0  startup_msp432e401y_uvision.o(.text)
    .text                                    0x000002ec   Section        0  noretval__2sprintf.o(.text)
    .text                                    0x00000314   Section        0  __printf.o(.text)
    .text                                    0x0000037c   Section        0  _printf_dec.o(.text)
    .text                                    0x000003f4   Section        0  _printf_hex_int.o(.text)
    .text                                    0x0000044c   Section        0  heapauxi.o(.text)
    .text                                    0x00000452   Section        0  _printf_intcommon.o(.text)
    .text                                    0x00000504   Section        0  _printf_char_common.o(.text)
    _printf_input_char                       0x00000505   Thumb Code    10  _printf_char_common.o(.text)
    .text                                    0x00000534   Section        0  _sputc.o(.text)
    .text                                    0x0000053e   Section       74  sys_stackheap_outer.o(.text)
    .text                                    0x00000588   Section        0  exit.o(.text)
    .text                                    0x0000059c   Section        8  libspace.o(.text)
    .text                                    0x000005a4   Section        0  sys_exit.o(.text)
    .text                                    0x000005b0   Section        2  use_no_semi.o(.text)
    .text                                    0x000005b2   Section        0  indicate_semi.o(.text)
    i.FlashAllLEDs                           0x000005b4   Section        0  onboardleds.o(i.FlashAllLEDs)
    i.FlashI2CError                          0x00000610   Section        0  onboardleds.o(i.FlashI2CError)
    i.FlashI2CRx                             0x00000624   Section        0  onboardleds.o(i.FlashI2CRx)
    i.FlashI2CTx                             0x0000062e   Section        0  onboardleds.o(i.FlashI2CTx)
    i.FlashLED1                              0x00000638   Section        0  onboardleds.o(i.FlashLED1)
    i.FlashLED2                              0x00000654   Section        0  onboardleds.o(i.FlashLED2)
    i.FlashLED3                              0x00000670   Section        0  onboardleds.o(i.FlashLED3)
    i.FlashLED4                              0x0000068c   Section        0  onboardleds.o(i.FlashLED4)
    i.I2C_Init                               0x000006a8   Section        0  2dx_studio_8c.o(i.I2C_Init)
    i.PLL_Init                               0x00000734   Section        0  pll.o(i.PLL_Init)
    i.PortH_Init                             0x00000850   Section        0  2dx_studio_8c.o(i.PortH_Init)
    i.PortL_Init                             0x000008b4   Section        0  2dx_studio_8c.o(i.PortL_Init)
    i.PortM_Init                             0x00000914   Section        0  2dx_studio_8c.o(i.PortM_Init)
    i.PortN1_Init                            0x00000978   Section        0  2dx_studio_8c.o(i.PortN1_Init)
    i.Status_Check                           0x000009b0   Section        0  uart.o(i.Status_Check)
    i.SysTick_Init                           0x00000a08   Section        0  systick.o(i.SysTick_Init)
    i.SysTick_Wait                           0x00000a20   Section        0  systick.o(i.SysTick_Wait)
    i.SysTick_Wait10ms                       0x00000a40   Section        0  systick.o(i.SysTick_Wait10ms)
    i.SysTick_WaitVarTime                    0x00000a5c   Section        0  systick.o(i.SysTick_WaitVarTime)
    i.SystemInit                             0x00000a84   Section        0  system_msp432e401y.o(i.SystemInit)
    i.UART_InChar                            0x00000aa4   Section        0  uart.o(i.UART_InChar)
    i.UART_Init                              0x00000ac0   Section        0  uart.o(i.UART_Init)
    i.UART_OutChar                           0x00000b8c   Section        0  uart.o(i.UART_OutChar)
    i.UART_printf                            0x00000ba4   Section        0  uart.o(i.UART_printf)
    i.VL53L1X_BootState                      0x00000bbc   Section        0  vl53l1x_api.o(i.VL53L1X_BootState)
    i.VL53L1X_CheckForDataReady              0x00000bde   Section        0  vl53l1x_api.o(i.VL53L1X_CheckForDataReady)
    i.VL53L1X_ClearInterrupt                 0x00000c1c   Section        0  vl53l1x_api.o(i.VL53L1X_ClearInterrupt)
    i.VL53L1X_GetAmbientRate                 0x00000c32   Section        0  vl53l1x_api.o(i.VL53L1X_GetAmbientRate)
    i.VL53L1X_GetDistance                    0x00000c58   Section        0  vl53l1x_api.o(i.VL53L1X_GetDistance)
    i.VL53L1X_GetInterruptPolarity           0x00000c76   Section        0  vl53l1x_api.o(i.VL53L1X_GetInterruptPolarity)
    i.VL53L1X_GetRangeStatus                 0x00000ca8   Section        0  vl53l1x_api.o(i.VL53L1X_GetRangeStatus)
    i.VL53L1X_GetSensorId                    0x00000ce4   Section        0  vl53l1x_api.o(i.VL53L1X_GetSensorId)
    i.VL53L1X_GetSignalRate                  0x00000d08   Section        0  vl53l1x_api.o(i.VL53L1X_GetSignalRate)
    i.VL53L1X_GetSpadNb                      0x00000d2e   Section        0  vl53l1x_api.o(i.VL53L1X_GetSpadNb)
    i.VL53L1X_SensorInit                     0x00000d50   Section        0  vl53l1x_api.o(i.VL53L1X_SensorInit)
    i.VL53L1X_StartRanging                   0x00000e34   Section        0  vl53l1x_api.o(i.VL53L1X_StartRanging)
    i.VL53L1X_StopRanging                    0x00000e4a   Section        0  vl53l1x_api.o(i.VL53L1X_StopRanging)
    i.VL53L1_RdByte                          0x00000e60   Section        0  vl53l1_platform_2dx4.o(i.VL53L1_RdByte)
    i.VL53L1_RdWord                          0x00000e84   Section        0  vl53l1_platform_2dx4.o(i.VL53L1_RdWord)
    i.VL53L1_WaitMs                          0x00000ebc   Section        0  vl53l1_platform_2dx4.o(i.VL53L1_WaitMs)
    i.VL53L1_WrByte                          0x00000edc   Section        0  vl53l1_platform_2dx4.o(i.VL53L1_WrByte)
    i.beginRxI2C                             0x00000efc   Section        0  vl53l1_platform_2dx4.o(i.beginRxI2C)
    i.beginTxI2C                             0x00000f1c   Section        0  vl53l1_platform_2dx4.o(i.beginTxI2C)
    i.captureDist                            0x00000f3c   Section        0  2dx_studio_8c.o(i.captureDist)
    i.ctrlSpinFull                           0x0000100c   Section        0  2dx_studio_8c.o(i.ctrlSpinFull)
    i.main                                   0x00001218   Section        0  2dx_studio_8c.o(i.main)
    i.onboardLEDs_Init                       0x000013ac   Section        0  onboardleds.o(i.onboardLEDs_Init)
    i.readI2C                                0x00001470   Section        0  vl53l1_platform_2dx4.o(i.readI2C)
    i.writeI2C                               0x000014bc   Section        0  vl53l1_platform_2dx4.o(i.writeI2C)
    i.writeRegisterIndex                     0x0000155c   Section        0  vl53l1_platform_2dx4.o(i.writeRegisterIndex)
    i.writeRegisterIndex_nostop              0x000015e4   Section        0  vl53l1_platform_2dx4.o(i.writeRegisterIndex_nostop)
    x$fpl$fpinit                             0x0000166c   Section       10  fpinit.o(x$fpl$fpinit)
    $v0                                      0x0000166c   Number         0  fpinit.o(x$fpl$fpinit)
    .constdata                               0x00001676   Section      115  vl53l1x_api.o(.constdata)
    status_rtn                               0x000016d1   Data          24  vl53l1x_api.o(.constdata)
    .constdata                               0x000016e9   Section       40  _printf_hex_int.o(.constdata)
    uc_hextab                                0x000016e9   Data          20  _printf_hex_int.o(.constdata)
    lc_hextab                                0x000016fd   Data          20  _printf_hex_int.o(.constdata)
    .data                                    0x20000000   Section       63  2dx_studio_8c.o(.data)
    .data                                    0x20000040   Section        4  system_msp432e401y.o(.data)
    .bss                                     0x20000044   Section     1023  uart.o(.bss)
    printf_buffer                            0x20000044   Data        1023  uart.o(.bss)
    .bss                                     0x20000443   Section     1023  2dx_studio_8c.o(.bss)
    printf_buffer                            0x20000443   Data        1023  2dx_studio_8c.o(.bss)
    .bss                                     0x20000844   Section       96  libspace.o(.bss)
    HEAP                                     0x200008a8   Section        0  startup_msp432e401y_uvision.o(HEAP)
    STACK                                    0x200008a8   Section      512  startup_msp432e401y_uvision.o(STACK)
    Heap_Mem                                 0x200008a8   Data           0  startup_msp432e401y_uvision.o(HEAP)
    Stack_Mem                                0x200008a8   Data         512  startup_msp432e401y_uvision.o(STACK)
    __initial_sp                             0x20000aa8   Data           0  startup_msp432e401y_uvision.o(STACK)

    Global Symbols

    Symbol Name                              Value     Ov Type        Size  Object(Section)

    BuildAttributes$$THM_ISAv4$E$P$D$K$B$S$7EM$VFPi3$EXTD16$VFPS$VFMA$PE$A:L22UL41UL21$X:L11$S22US41US21$IEEE1$IW$USESV6$~STKCKD$USESV7$~SHL$OSPACE$ROPI$EBA8$UX$STANDARDLIB$REQ8$PRES8$EABIv2 0x00000000   Number         0  anon$$obj.o ABSOLUTE
    __ARM_use_no_argv                        0x00000000   Number         0  2dx_studio_8c.o ABSOLUTE
    __Vectors                                0x00000000   Data           4  startup_msp432e401y_uvision.o(RESET)
    __ARM_exceptions_init                     - Undefined Weak Reference
    __alloca_initialize                       - Undefined Weak Reference
    __arm_fini_                               - Undefined Weak Reference
    __arm_preinit_                            - Undefined Weak Reference
    __cpp_initialize__aeabi_                  - Undefined Weak Reference
    __cxa_finalize                            - Undefined Weak Reference
    __rt_locale                               - Undefined Weak Reference
    __sigvec_lookup                           - Undefined Weak Reference
    _atexit_init                              - Undefined Weak Reference
    _call_atexit_fns                          - Undefined Weak Reference
    _clock_init                               - Undefined Weak Reference
    _fp_trap_init                             - Undefined Weak Reference
    _fp_trap_shutdown                         - Undefined Weak Reference
    _get_lc_collate                           - Undefined Weak Reference
    _get_lc_ctype                             - Undefined Weak Reference
    _get_lc_monetary                          - Undefined Weak Reference
    _get_lc_numeric                           - Undefined Weak Reference
    _get_lc_time                              - Undefined Weak Reference
    _getenv_init                              - Undefined Weak Reference
    _handle_redirection                       - Undefined Weak Reference
    _init_alloc                               - Undefined Weak Reference
    _init_user_alloc                          - Undefined Weak Reference
    _initio                                   - Undefined Weak Reference
    _printf_post_padding                      - Undefined Weak Reference
    _printf_pre_padding                       - Undefined Weak Reference
    _printf_truncate_signed                   - Undefined Weak Reference
    _printf_truncate_unsigned                 - Undefined Weak Reference
    _rand_init                                - Undefined Weak Reference
    _signal_finish                            - Undefined Weak Reference
    _signal_init                              - Undefined Weak Reference
    _terminate_alloc                          - Undefined Weak Reference
    _terminate_user_alloc                     - Undefined Weak Reference
    _terminateio                              - Undefined Weak Reference
    __Vectors_End                            0x000001fc   Data           0  startup_msp432e401y_uvision.o(RESET)
    __Vectors_Size                           0x000001fc   Number         0  startup_msp432e401y_uvision.o ABSOLUTE
    __main                                   0x000001fd   Thumb Code     8  __main.o(!!!main)
    __scatterload                            0x00000205   Thumb Code     0  __scatter.o(!!!scatter)
    __scatterload_rt2                        0x00000205   Thumb Code    44  __scatter.o(!!!scatter)
    __scatterload_rt2_thumb_only             0x00000205   Thumb Code     0  __scatter.o(!!!scatter)
    __scatterload_null                       0x00000213   Thumb Code     0  __scatter.o(!!!scatter)
    __scatterload_copy                       0x00000239   Thumb Code    26  __scatter_copy.o(!!handler_copy)
    __scatterload_zeroinit                   0x00000255   Thumb Code    28  __scatter_zi.o(!!handler_zi)
    _printf_d                                0x00000271   Thumb Code     0  _printf_d.o(.ARM.Collect$$_printf_percent$$00000009)
    _printf_percent                          0x00000271   Thumb Code     0  _printf_percent.o(.ARM.Collect$$_printf_percent$$00000000)
    _printf_u                                0x00000277   Thumb Code     0  _printf_u.o(.ARM.Collect$$_printf_percent$$0000000A)
    _printf_x                                0x0000027d   Thumb Code     0  _printf_x.o(.ARM.Collect$$_printf_percent$$0000000C)
    _printf_percent_end                      0x00000283   Thumb Code     0  _printf_percent_end.o(.ARM.Collect$$_printf_percent$$00000017)
    __rt_lib_init                            0x00000287   Thumb Code     0  libinit.o(.ARM.Collect$$libinit$$00000000)
    __rt_lib_init_fp_1                       0x00000289   Thumb Code     0  libinit2.o(.ARM.Collect$$libinit$$00000001)
    __rt_lib_init_alloca_1                   0x0000028d   Thumb Code     0  libinit2.o(.ARM.Collect$$libinit$$0000002E)
    __rt_lib_init_argv_1                     0x0000028d   Thumb Code     0  libinit2.o(.ARM.Collect$$libinit$$0000002C)
    __rt_lib_init_atexit_1                   0x0000028d   Thumb Code     0  libinit2.o(.ARM.Collect$$libinit$$0000001B)
    __rt_lib_init_clock_1                    0x0000028d   Thumb Code     0  libinit2.o(.ARM.Collect$$libinit$$00000021)
    __rt_lib_init_cpp_1                      0x0000028d   Thumb Code     0  libinit2.o(.ARM.Collect$$libinit$$00000032)
    __rt_lib_init_exceptions_1               0x0000028d   Thumb Code     0  libinit2.o(.ARM.Collect$$libinit$$00000030)
    __rt_lib_init_fp_trap_1                  0x0000028d   Thumb Code     0  libinit2.o(.ARM.Collect$$libinit$$0000001F)
    __rt_lib_init_getenv_1                   0x0000028d   Thumb Code     0  libinit2.o(.ARM.Collect$$libinit$$00000023)
    __rt_lib_init_heap_1                     0x0000028d   Thumb Code     0  libinit2.o(.ARM.Collect$$libinit$$0000000A)
    __rt_lib_init_lc_collate_1               0x0000028d   Thumb Code     0  libinit2.o(.ARM.Collect$$libinit$$00000011)
    __rt_lib_init_lc_ctype_1                 0x0000028d   Thumb Code     0  libinit2.o(.ARM.Collect$$libinit$$00000013)
    __rt_lib_init_lc_monetary_1              0x0000028d   Thumb Code     0  libinit2.o(.ARM.Collect$$libinit$$00000015)
    __rt_lib_init_lc_numeric_1               0x0000028d   Thumb Code     0  libinit2.o(.ARM.Collect$$libinit$$00000017)
    __rt_lib_init_lc_time_1                  0x0000028d   Thumb Code     0  libinit2.o(.ARM.Collect$$libinit$$00000019)
    __rt_lib_init_preinit_1                  0x0000028d   Thumb Code     0  libinit2.o(.ARM.Collect$$libinit$$00000004)
    __rt_lib_init_rand_1                     0x0000028d   Thumb Code     0  libinit2.o(.ARM.Collect$$libinit$$0000000E)
    __rt_lib_init_return                     0x0000028d   Thumb Code     0  libinit2.o(.ARM.Collect$$libinit$$00000033)
    __rt_lib_init_signal_1                   0x0000028d   Thumb Code     0  libinit2.o(.ARM.Collect$$libinit$$0000001D)
    __rt_lib_init_stdio_1                    0x0000028d   Thumb Code     0  libinit2.o(.ARM.Collect$$libinit$$00000025)
    __rt_lib_init_user_alloc_1               0x0000028d   Thumb Code     0  libinit2.o(.ARM.Collect$$libinit$$0000000C)
    __rt_lib_shutdown                        0x0000028f   Thumb Code     0  libshutdown.o(.ARM.Collect$$libshutdown$$00000000)
    __rt_lib_shutdown_cpp_1                  0x00000291   Thumb Code     0  libshutdown2.o(.ARM.Collect$$libshutdown$$00000004)
    __rt_lib_shutdown_fini_1                 0x00000291   Thumb Code     0  libshutdown2.o(.ARM.Collect$$libshutdown$$00000002)
    __rt_lib_shutdown_fp_trap_1              0x00000291   Thumb Code     0  libshutdown2.o(.ARM.Collect$$libshutdown$$00000009)
    __rt_lib_shutdown_heap_1                 0x00000291   Thumb Code     0  libshutdown2.o(.ARM.Collect$$libshutdown$$00000011)
    __rt_lib_shutdown_return                 0x00000291   Thumb Code     0  libshutdown2.o(.ARM.Collect$$libshutdown$$00000012)
    __rt_lib_shutdown_signal_1               0x00000291   Thumb Code     0  libshutdown2.o(.ARM.Collect$$libshutdown$$0000000C)
    __rt_lib_shutdown_stdio_1                0x00000291   Thumb Code     0  libshutdown2.o(.ARM.Collect$$libshutdown$$00000006)
    __rt_lib_shutdown_user_alloc_1           0x00000291   Thumb Code     0  libshutdown2.o(.ARM.Collect$$libshutdown$$0000000E)
    __rt_entry                               0x00000293   Thumb Code     0  __rtentry.o(.ARM.Collect$$rtentry$$00000000)
    __rt_entry_presh_1                       0x00000293   Thumb Code     0  __rtentry2.o(.ARM.Collect$$rtentry$$00000002)
    __rt_entry_sh                            0x00000293   Thumb Code     0  __rtentry4.o(.ARM.Collect$$rtentry$$00000004)
    __rt_entry_li                            0x00000299   Thumb Code     0  __rtentry2.o(.ARM.Collect$$rtentry$$0000000A)
    __rt_entry_postsh_1                      0x00000299   Thumb Code     0  __rtentry2.o(.ARM.Collect$$rtentry$$00000009)
    __rt_entry_main                          0x0000029d   Thumb Code     0  __rtentry2.o(.ARM.Collect$$rtentry$$0000000D)
    __rt_entry_postli_1                      0x0000029d   Thumb Code     0  __rtentry2.o(.ARM.Collect$$rtentry$$0000000C)
    __rt_exit                                0x000002a5   Thumb Code     0  rtexit.o(.ARM.Collect$$rtexit$$00000000)
    __rt_exit_ls                             0x000002a7   Thumb Code     0  rtexit2.o(.ARM.Collect$$rtexit$$00000003)
    __rt_exit_prels_1                        0x000002a7   Thumb Code     0  rtexit2.o(.ARM.Collect$$rtexit$$00000002)
    __rt_exit_exit                           0x000002ab   Thumb Code     0  rtexit2.o(.ARM.Collect$$rtexit$$00000004)
    Reset_Handler                            0x000002b1   Thumb Code     8  startup_msp432e401y_uvision.o(.text)
    NMI_Handler                              0x000002b9   Thumb Code     2  startup_msp432e401y_uvision.o(.text)
    HardFault_Handler                        0x000002bb   Thumb Code     2  startup_msp432e401y_uvision.o(.text)
    MemManage_Handler                        0x000002bd   Thumb Code     2  startup_msp432e401y_uvision.o(.text)
    BusFault_Handler                         0x000002bf   Thumb Code     2  startup_msp432e401y_uvision.o(.text)
    UsageFault_Handler                       0x000002c1   Thumb Code     2  startup_msp432e401y_uvision.o(.text)
    SVC_Handler                              0x000002c3   Thumb Code     2  startup_msp432e401y_uvision.o(.text)
    DebugMon_Handler                         0x000002c5   Thumb Code     2  startup_msp432e401y_uvision.o(.text)
    PendSV_Handler                           0x000002c7   Thumb Code     2  startup_msp432e401y_uvision.o(.text)
    SysTick_Handler                          0x000002c9   Thumb Code     2  startup_msp432e401y_uvision.o(.text)
    ADC0SS0_IRQHandler                       0x000002cb   Thumb Code     0  startup_msp432e401y_uvision.o(.text)
    ADC0SS1_IRQHandler                       0x000002cb   Thumb Code     0  startup_msp432e401y_uvision.o(.text)
    ADC0SS2_IRQHandler                       0x000002cb   Thumb Code     0  startup_msp432e401y_uvision.o(.text)
    ADC0SS3_IRQHandler                       0x000002cb   Thumb Code     0  startup_msp432e401y_uvision.o(.text)
    ADC1SS0_IRQHandler                       0x000002cb   Thumb Code     0  startup_msp432e401y_uvision.o(.text)
    ADC1SS1_IRQHandler                       0x000002cb   Thumb Code     0  startup_msp432e401y_uvision.o(.text)
    ADC1SS2_IRQHandler                       0x000002cb   Thumb Code     0  startup_msp432e401y_uvision.o(.text)
    ADC1SS3_IRQHandler                       0x000002cb   Thumb Code     0  startup_msp432e401y_uvision.o(.text)
    AES0_IRQHandler                          0x000002cb   Thumb Code     0  startup_msp432e401y_uvision.o(.text)
    CAN0_IRQHandler                          0x000002cb   Thumb Code     0  startup_msp432e401y_uvision.o(.text)
    CAN1_IRQHandler                          0x000002cb   Thumb Code     0  startup_msp432e401y_uvision.o(.text)
    COMP0_IRQHandler                         0x000002cb   Thumb Code     0  startup_msp432e401y_uvision.o(.text)
    COMP1_IRQHandler                         0x000002cb   Thumb Code     0  startup_msp432e401y_uvision.o(.text)
    COMP2_IRQHandler                         0x000002cb   Thumb Code     0  startup_msp432e401y_uvision.o(.text)
    DES0_IRQHandler                          0x000002cb   Thumb Code     0  startup_msp432e401y_uvision.o(.text)
    EMAC0_IRQHandler                         0x000002cb   Thumb Code     0  startup_msp432e401y_uvision.o(.text)
    EPI0_IRQHandler                          0x000002cb   Thumb Code     0  startup_msp432e401y_uvision.o(.text)
    FLASH_IRQHandler                         0x000002cb   Thumb Code     0  startup_msp432e401y_uvision.o(.text)
    GPIOA_IRQHandler                         0x000002cb   Thumb Code     0  startup_msp432e401y_uvision.o(.text)
    GPIOB_IRQHandler                         0x000002cb   Thumb Code     0  startup_msp432e401y_uvision.o(.text)
    GPIOC_IRQHandler                         0x000002cb   Thumb Code     0  startup_msp432e401y_uvision.o(.text)
    GPIOD_IRQHandler                         0x000002cb   Thumb Code     0  startup_msp432e401y_uvision.o(.text)
    GPIOE_IRQHandler                         0x000002cb   Thumb Code     0  startup_msp432e401y_uvision.o(.text)
    GPIOF_IRQHandler                         0x000002cb   Thumb Code     0  startup_msp432e401y_uvision.o(.text)
    GPIOG_IRQHandler                         0x000002cb   Thumb Code     0  startup_msp432e401y_uvision.o(.text)
    GPIOH_IRQHandler                         0x000002cb   Thumb Code     0  startup_msp432e401y_uvision.o(.text)
    GPIOJ_IRQHandler                         0x000002cb   Thumb Code     0  startup_msp432e401y_uvision.o(.text)
    GPIOK_IRQHandler                         0x000002cb   Thumb Code     0  startup_msp432e401y_uvision.o(.text)
    GPIOL_IRQHandler                         0x000002cb   Thumb Code     0  startup_msp432e401y_uvision.o(.text)
    GPIOM_IRQHandler                         0x000002cb   Thumb Code     0  startup_msp432e401y_uvision.o(.text)
    GPION_IRQHandler                         0x000002cb   Thumb Code     0  startup_msp432e401y_uvision.o(.text)
    GPIOP0_IRQHandler                        0x000002cb   Thumb Code     0  startup_msp432e401y_uvision.o(.text)
    GPIOP1_IRQHandler                        0x000002cb   Thumb Code     0  startup_msp432e401y_uvision.o(.text)
    GPIOP2_IRQHandler                        0x000002cb   Thumb Code     0  startup_msp432e401y_uvision.o(.text)
    GPIOP3_IRQHandler                        0x000002cb   Thumb Code     0  startup_msp432e401y_uvision.o(.text)
    GPIOP4_IRQHandler                        0x000002cb   Thumb Code     0  startup_msp432e401y_uvision.o(.text)
    GPIOP5_IRQHandler                        0x000002cb   Thumb Code     0  startup_msp432e401y_uvision.o(.text)
    GPIOP6_IRQHandler                        0x000002cb   Thumb Code     0  startup_msp432e401y_uvision.o(.text)
    GPIOP7_IRQHandler                        0x000002cb   Thumb Code     0  startup_msp432e401y_uvision.o(.text)
    GPIOQ0_IRQHandler                        0x000002cb   Thumb Code     0  startup_msp432e401y_uvision.o(.text)
    GPIOQ1_IRQHandler                        0x000002cb   Thumb Code     0  startup_msp432e401y_uvision.o(.text)
    GPIOQ2_IRQHandler                        0x000002cb   Thumb Code     0  startup_msp432e401y_uvision.o(.text)
    GPIOQ3_IRQHandler                        0x000002cb   Thumb Code     0  startup_msp432e401y_uvision.o(.text)
    GPIOQ4_IRQHandler                        0x000002cb   Thumb Code     0  startup_msp432e401y_uvision.o(.text)
    GPIOQ5_IRQHandler                        0x000002cb   Thumb Code     0  startup_msp432e401y_uvision.o(.text)
    GPIOQ6_IRQHandler                        0x000002cb   Thumb Code     0  startup_msp432e401y_uvision.o(.text)
    GPIOQ7_IRQHandler                        0x000002cb   Thumb Code     0  startup_msp432e401y_uvision.o(.text)
    HIBERNATE_IRQHandler                     0x000002cb   Thumb Code     0  startup_msp432e401y_uvision.o(.text)
    I2C0_IRQHandler                          0x000002cb   Thumb Code     0  startup_msp432e401y_uvision.o(.text)
    I2C1_IRQHandler                          0x000002cb   Thumb Code     0  startup_msp432e401y_uvision.o(.text)
    I2C2_IRQHandler                          0x000002cb   Thumb Code     0  startup_msp432e401y_uvision.o(.text)
    I2C3_IRQHandler                          0x000002cb   Thumb Code     0  startup_msp432e401y_uvision.o(.text)
    I2C4_IRQHandler                          0x000002cb   Thumb Code     0  startup_msp432e401y_uvision.o(.text)
    I2C5_IRQHandler                          0x000002cb   Thumb Code     0  startup_msp432e401y_uvision.o(.text)
    I2C6_IRQHandler                          0x000002cb   Thumb Code     0  startup_msp432e401y_uvision.o(.text)
    I2C7_IRQHandler                          0x000002cb   Thumb Code     0  startup_msp432e401y_uvision.o(.text)
    I2C8_IRQHandler                          0x000002cb   Thumb Code     0  startup_msp432e401y_uvision.o(.text)
    I2C9_IRQHandler                          0x000002cb   Thumb Code     0  startup_msp432e401y_uvision.o(.text)
    PWM0_0_IRQHandler                        0x000002cb   Thumb Code     0  startup_msp432e401y_uvision.o(.text)
    PWM0_1_IRQHandler                        0x000002cb   Thumb Code     0  startup_msp432e401y_uvision.o(.text)
    PWM0_2_IRQHandler                        0x000002cb   Thumb Code     0  startup_msp432e401y_uvision.o(.text)
    PWM0_3_IRQHandler                        0x000002cb   Thumb Code     0  startup_msp432e401y_uvision.o(.text)
    PWM0_FAULT_IRQHandler                    0x000002cb   Thumb Code     0  startup_msp432e401y_uvision.o(.text)
    QEI0_IRQHandler                          0x000002cb   Thumb Code     0  startup_msp432e401y_uvision.o(.text)
    SHA0_IRQHandler                          0x000002cb   Thumb Code     0  startup_msp432e401y_uvision.o(.text)
    SSI0_IRQHandler                          0x000002cb   Thumb Code     0  startup_msp432e401y_uvision.o(.text)
    SSI1_IRQHandler                          0x000002cb   Thumb Code     0  startup_msp432e401y_uvision.o(.text)
    SSI2_IRQHandler                          0x000002cb   Thumb Code     0  startup_msp432e401y_uvision.o(.text)
    SSI3_IRQHandler                          0x000002cb   Thumb Code     0  startup_msp432e401y_uvision.o(.text)
    SYSCTL_IRQHandler                        0x000002cb   Thumb Code     0  startup_msp432e401y_uvision.o(.text)
    SYSEXC_IRQHandler                        0x000002cb   Thumb Code     0  startup_msp432e401y_uvision.o(.text)
    TAMPER0_IRQHandler                       0x000002cb   Thumb Code     0  startup_msp432e401y_uvision.o(.text)
    TIMER0A_IRQHandler                       0x000002cb   Thumb Code     0  startup_msp432e401y_uvision.o(.text)
    TIMER0B_IRQHandler                       0x000002cb   Thumb Code     0  startup_msp432e401y_uvision.o(.text)
    TIMER1A_IRQHandler                       0x000002cb   Thumb Code     0  startup_msp432e401y_uvision.o(.text)
    TIMER1B_IRQHandler                       0x000002cb   Thumb Code     0  startup_msp432e401y_uvision.o(.text)
    TIMER2A_IRQHandler                       0x000002cb   Thumb Code     0  startup_msp432e401y_uvision.o(.text)
    TIMER2B_IRQHandler                       0x000002cb   Thumb Code     0  startup_msp432e401y_uvision.o(.text)
    TIMER3A_IRQHandler                       0x000002cb   Thumb Code     0  startup_msp432e401y_uvision.o(.text)
    TIMER3B_IRQHandler                       0x000002cb   Thumb Code     0  startup_msp432e401y_uvision.o(.text)
    TIMER4A_IRQHandler                       0x000002cb   Thumb Code     0  startup_msp432e401y_uvision.o(.text)
    TIMER4B_IRQHandler                       0x000002cb   Thumb Code     0  startup_msp432e401y_uvision.o(.text)
    TIMER5A_IRQHandler                       0x000002cb   Thumb Code     0  startup_msp432e401y_uvision.o(.text)
    TIMER5B_IRQHandler                       0x000002cb   Thumb Code     0  startup_msp432e401y_uvision.o(.text)
    TIMER6A_IRQHandler                       0x000002cb   Thumb Code     0  startup_msp432e401y_uvision.o(.text)
    TIMER6B_IRQHandler                       0x000002cb   Thumb Code     0  startup_msp432e401y_uvision.o(.text)
    TIMER7A_IRQHandler                       0x000002cb   Thumb Code     0  startup_msp432e401y_uvision.o(.text)
    TIMER7B_IRQHandler                       0x000002cb   Thumb Code     0  startup_msp432e401y_uvision.o(.text)
    UART0_IRQHandler                         0x000002cb   Thumb Code     0  startup_msp432e401y_uvision.o(.text)
    UART1_IRQHandler                         0x000002cb   Thumb Code     0  startup_msp432e401y_uvision.o(.text)
    UART2_IRQHandler                         0x000002cb   Thumb Code     0  startup_msp432e401y_uvision.o(.text)
    UART3_IRQHandler                         0x000002cb   Thumb Code     0  startup_msp432e401y_uvision.o(.text)
    UART4_IRQHandler                         0x000002cb   Thumb Code     0  startup_msp432e401y_uvision.o(.text)
    UART5_IRQHandler                         0x000002cb   Thumb Code     0  startup_msp432e401y_uvision.o(.text)
    UART6_IRQHandler                         0x000002cb   Thumb Code     0  startup_msp432e401y_uvision.o(.text)
    UART7_IRQHandler                         0x000002cb   Thumb Code     0  startup_msp432e401y_uvision.o(.text)
    UDMAERR_IRQHandler                       0x000002cb   Thumb Code     0  startup_msp432e401y_uvision.o(.text)
    UDMA_IRQHandler                          0x000002cb   Thumb Code     0  startup_msp432e401y_uvision.o(.text)
    USB0_IRQHandler                          0x000002cb   Thumb Code     0  startup_msp432e401y_uvision.o(.text)
    WATCHDOG_IRQHandler                      0x000002cb   Thumb Code     0  startup_msp432e401y_uvision.o(.text)
    __user_initial_stackheap                 0x000002cd   Thumb Code    10  startup_msp432e401y_uvision.o(.text)
    __2sprintf                               0x000002ed   Thumb Code    34  noretval__2sprintf.o(.text)
    __printf                                 0x00000315   Thumb Code   104  __printf.o(.text)
    _printf_int_dec                          0x0000037d   Thumb Code   104  _printf_dec.o(.text)
    _printf_int_hex                          0x000003f5   Thumb Code    84  _printf_hex_int.o(.text)
    _printf_longlong_hex                     0x000003f5   Thumb Code     0  _printf_hex_int.o(.text)
    __use_two_region_memory                  0x0000044d   Thumb Code     2  heapauxi.o(.text)
    __rt_heap_escrow$2region                 0x0000044f   Thumb Code     2  heapauxi.o(.text)
    __rt_heap_expand$2region                 0x00000451   Thumb Code     2  heapauxi.o(.text)
    _printf_int_common                       0x00000453   Thumb Code   178  _printf_intcommon.o(.text)
    _printf_char_common                      0x0000050f   Thumb Code    32  _printf_char_common.o(.text)
    _sputc                                   0x00000535   Thumb Code    10  _sputc.o(.text)
    __user_setup_stackheap                   0x0000053f   Thumb Code    74  sys_stackheap_outer.o(.text)
    exit                                     0x00000589   Thumb Code    18  exit.o(.text)
    __user_libspace                          0x0000059d   Thumb Code     8  libspace.o(.text)
    __user_perproc_libspace                  0x0000059d   Thumb Code     0  libspace.o(.text)
    __user_perthread_libspace                0x0000059d   Thumb Code     0  libspace.o(.text)
    _sys_exit                                0x000005a5   Thumb Code     8  sys_exit.o(.text)
    __I$use$semihosting                      0x000005b1   Thumb Code     0  use_no_semi.o(.text)
    __use_no_semihosting_swi                 0x000005b1   Thumb Code     2  use_no_semi.o(.text)
    __semihosting_library_function           0x000005b3   Thumb Code     0  indicate_semi.o(.text)
    FlashAllLEDs                             0x000005b5   Thumb Code    78  onboardleds.o(i.FlashAllLEDs)
    FlashI2CError                            0x00000611   Thumb Code    20  onboardleds.o(i.FlashI2CError)
    FlashI2CRx                               0x00000625   Thumb Code    10  onboardleds.o(i.FlashI2CRx)
    FlashI2CTx                               0x0000062f   Thumb Code    10  onboardleds.o(i.FlashI2CTx)
    FlashLED1                                0x00000639   Thumb Code    28  onboardleds.o(i.FlashLED1)
    FlashLED2                                0x00000655   Thumb Code    28  onboardleds.o(i.FlashLED2)
    FlashLED3                                0x00000671   Thumb Code    28  onboardleds.o(i.FlashLED3)
    FlashLED4                                0x0000068d   Thumb Code    28  onboardleds.o(i.FlashLED4)
    I2C_Init                                 0x000006a9   Thumb Code   114  2dx_studio_8c.o(i.I2C_Init)
    PLL_Init                                 0x00000735   Thumb Code   272  pll.o(i.PLL_Init)
    PortH_Init                               0x00000851   Thumb Code    84  2dx_studio_8c.o(i.PortH_Init)
    PortL_Init                               0x000008b5   Thumb Code    80  2dx_studio_8c.o(i.PortL_Init)
    PortM_Init                               0x00000915   Thumb Code    84  2dx_studio_8c.o(i.PortM_Init)
    PortN1_Init                              0x00000979   Thumb Code    38  2dx_studio_8c.o(i.PortN1_Init)
    Status_Check                             0x000009b1   Thumb Code    46  uart.o(i.Status_Check)
    SysTick_Init                             0x00000a09   Thumb Code    24  systick.o(i.SysTick_Init)
    SysTick_Wait                             0x00000a21   Thumb Code    32  systick.o(i.SysTick_Wait)
    SysTick_Wait10ms                         0x00000a41   Thumb Code    22  systick.o(i.SysTick_Wait10ms)
    SysTick_WaitVarTime                      0x00000a5d   Thumb Code    36  systick.o(i.SysTick_WaitVarTime)
    SystemInit                               0x00000a85   Thumb Code    20  system_msp432e401y.o(i.SystemInit)
    UART_InChar                              0x00000aa5   Thumb Code    22  uart.o(i.UART_InChar)
    UART_Init                                0x00000ac1   Thumb Code   172  uart.o(i.UART_Init)
    UART_OutChar                             0x00000b8d   Thumb Code    20  uart.o(i.UART_OutChar)
    UART_printf                              0x00000ba5   Thumb Code    24  uart.o(i.UART_printf)
    VL53L1X_BootState                        0x00000bbd   Thumb Code    34  vl53l1x_api.o(i.VL53L1X_BootState)
    VL53L1X_CheckForDataReady                0x00000bdf   Thumb Code    62  vl53l1x_api.o(i.VL53L1X_CheckForDataReady)
    VL53L1X_ClearInterrupt                   0x00000c1d   Thumb Code    22  vl53l1x_api.o(i.VL53L1X_ClearInterrupt)
    VL53L1X_GetAmbientRate                   0x00000c33   Thumb Code    38  vl53l1x_api.o(i.VL53L1X_GetAmbientRate)
    VL53L1X_GetDistance                      0x00000c59   Thumb Code    30  vl53l1x_api.o(i.VL53L1X_GetDistance)
    VL53L1X_GetInterruptPolarity             0x00000c77   Thumb Code    50  vl53l1x_api.o(i.VL53L1X_GetInterruptPolarity)
    VL53L1X_GetRangeStatus                   0x00000ca9   Thumb Code    56  vl53l1x_api.o(i.VL53L1X_GetRangeStatus)
    VL53L1X_GetSensorId                      0x00000ce5   Thumb Code    36  vl53l1x_api.o(i.VL53L1X_GetSensorId)
    VL53L1X_GetSignalRate                    0x00000d09   Thumb Code    38  vl53l1x_api.o(i.VL53L1X_GetSignalRate)
    VL53L1X_GetSpadNb                        0x00000d2f   Thumb Code    32  vl53l1x_api.o(i.VL53L1X_GetSpadNb)
    VL53L1X_SensorInit                       0x00000d51   Thumb Code   166  vl53l1x_api.o(i.VL53L1X_SensorInit)
    VL53L1X_StartRanging                     0x00000e35   Thumb Code    22  vl53l1x_api.o(i.VL53L1X_StartRanging)
    VL53L1X_StopRanging                      0x00000e4b   Thumb Code    22  vl53l1x_api.o(i.VL53L1X_StopRanging)
    VL53L1_RdByte                            0x00000e61   Thumb Code    36  vl53l1_platform_2dx4.o(i.VL53L1_RdByte)
    VL53L1_RdWord                            0x00000e85   Thumb Code    56  vl53l1_platform_2dx4.o(i.VL53L1_RdWord)
    VL53L1_WaitMs                            0x00000ebd   Thumb Code    26  vl53l1_platform_2dx4.o(i.VL53L1_WaitMs)
    VL53L1_WrByte                            0x00000edd   Thumb Code    30  vl53l1_platform_2dx4.o(i.VL53L1_WrByte)
    beginRxI2C                               0x00000efd   Thumb Code    26  vl53l1_platform_2dx4.o(i.beginRxI2C)
    beginTxI2C                               0x00000f1d   Thumb Code    26  vl53l1_platform_2dx4.o(i.beginTxI2C)
    captureDist                              0x00000f3d   Thumb Code   162  2dx_studio_8c.o(i.captureDist)
    ctrlSpinFull                             0x0000100d   Thumb Code   490  2dx_studio_8c.o(i.ctrlSpinFull)
    main                                     0x00001219   Thumb Code   238  2dx_studio_8c.o(i.main)
    onboardLEDs_Init                         0x000013ad   Thumb Code   172  onboardleds.o(i.onboardLEDs_Init)
    readI2C                                  0x00001471   Thumb Code    70  vl53l1_platform_2dx4.o(i.readI2C)
    writeI2C                                 0x000014bd   Thumb Code   154  vl53l1_platform_2dx4.o(i.writeI2C)
    writeRegisterIndex                       0x0000155d   Thumb Code   132  vl53l1_platform_2dx4.o(i.writeRegisterIndex)
    writeRegisterIndex_nostop                0x000015e5   Thumb Code   132  vl53l1_platform_2dx4.o(i.writeRegisterIndex_nostop)
    _fp_init                                 0x0000166d   Thumb Code    10  fpinit.o(x$fpl$fpinit)
    __fplib_config_fpu_vfp                   0x00001675   Thumb Code     0  fpinit.o(x$fpl$fpinit)
    __fplib_config_pureend_doubles           0x00001675   Thumb Code     0  fpinit.o(x$fpl$fpinit)
    VL51L1X_DEFAULT_CONFIGURATION            0x00001676   Data          91  vl53l1x_api.o(.constdata)
    Region$$Table$$Base                      0x00001714   Number         0  anon$$obj.o(Region$$Table)
    Region$$Table$$Limit                     0x00001734   Number         0  anon$$obj.o(Region$$Table)
    dev                                      0x20000000   Data           2  2dx_studio_8c.o(.data)
    status                                   0x20000004   Data           4  2dx_studio_8c.o(.data)
    byteData                                 0x20000008   Data           1  2dx_studio_8c.o(.data)
    sensorState                              0x20000009   Data           1  2dx_studio_8c.o(.data)
    myByteArray                              0x2000000a   Data          10  2dx_studio_8c.o(.data)
    i                                        0x20000014   Data           1  2dx_studio_8c.o(.data)
    wordData                                 0x20000016   Data           2  2dx_studio_8c.o(.data)
    Distance                                 0x20000018   Data           2  2dx_studio_8c.o(.data)
    SignalRate                               0x2000001a   Data           2  2dx_studio_8c.o(.data)
    AmbientRate                              0x2000001c   Data           2  2dx_studio_8c.o(.data)
    SpadNum                                  0x2000001e   Data           2  2dx_studio_8c.o(.data)
    RangeStatus                              0x20000020   Data           1  2dx_studio_8c.o(.data)
    dataReady                                0x20000021   Data           1  2dx_studio_8c.o(.data)
    period                                   0x20000024   Data           4  2dx_studio_8c.o(.data)
    x                                        0x20000028   Data           4  2dx_studio_8c.o(.data)
    w                                        0x2000002c   Data           4  2dx_studio_8c.o(.data)
    steps                                    0x20000030   Data           4  2dx_studio_8c.o(.data)
    dir                                      0x20000034   Data           4  2dx_studio_8c.o(.data)
    stopCmd                                  0x20000038   Data           7  2dx_studio_8c.o(.data)
    SystemCoreClock                          0x20000040   Data           4  system_msp432e401y.o(.data)
    __libspace_start                         0x20000844   Data          96  libspace.o(.bss)
    __temporary_stack_top$libspace           0x200008a4   Data           0  libspace.o(.bss)



==============================================================================

Memory Map of the image

  Image Entry point : 0x000002b1

  Load Region LR_1 (Base: 0x00000000, Size: 0x00001778, Max: 0xffffffff, ABSOLUTE)

    Execution Region ER_RO (Exec base: 0x00000000, Load base: 0x00000000, Size: 0x00001734, Max: 0xffffffff, ABSOLUTE)

    Exec Addr    Load Addr    Size         Type   Attr      Idx    E Section Name        Object

    0x00000000   0x00000000   0x000001fc   Data   RO          658    RESET               startup_msp432e401y_uvision.o
    0x000001fc   0x000001fc   0x00000008   Code   RO          779  * !!!main             c_w.l(__main.o)
    0x00000204   0x00000204   0x00000034   Code   RO          968    !!!scatter          c_w.l(__scatter.o)
    0x00000238   0x00000238   0x0000001a   Code   RO          970    !!handler_copy      c_w.l(__scatter_copy.o)
    0x00000252   0x00000252   0x00000002   PAD
    0x00000254   0x00000254   0x0000001c   Code   RO          972    !!handler_zi        c_w.l(__scatter_zi.o)
    0x00000270   0x00000270   0x00000000   Code   RO          776    .ARM.Collect$$_printf_percent$$00000000  c_w.l(_printf_percent.o)
    0x00000270   0x00000270   0x00000006   Code   RO          774    .ARM.Collect$$_printf_percent$$00000009  c_w.l(_printf_d.o)
    0x00000276   0x00000276   0x00000006   Code   RO          775    .ARM.Collect$$_printf_percent$$0000000A  c_w.l(_printf_u.o)
    0x0000027c   0x0000027c   0x00000006   Code   RO          773    .ARM.Collect$$_printf_percent$$0000000C  c_w.l(_printf_x.o)
    0x00000282   0x00000282   0x00000004   Code   RO          804    .ARM.Collect$$_printf_percent$$00000017  c_w.l(_printf_percent_end.o)
    0x00000286   0x00000286   0x00000002   Code   RO          836    .ARM.Collect$$libinit$$00000000  c_w.l(libinit.o)
    0x00000288   0x00000288   0x00000004   Code   RO          842    .ARM.Collect$$libinit$$00000001  c_w.l(libinit2.o)
    0x0000028c   0x0000028c   0x00000000   Code   RO          845    .ARM.Collect$$libinit$$00000004  c_w.l(libinit2.o)
    0x0000028c   0x0000028c   0x00000000   Code   RO          848    .ARM.Collect$$libinit$$0000000A  c_w.l(libinit2.o)
    0x0000028c   0x0000028c   0x00000000   Code   RO          850    .ARM.Collect$$libinit$$0000000C  c_w.l(libinit2.o)
    0x0000028c   0x0000028c   0x00000000   Code   RO          852    .ARM.Collect$$libinit$$0000000E  c_w.l(libinit2.o)
    0x0000028c   0x0000028c   0x00000000   Code   RO          855    .ARM.Collect$$libinit$$00000011  c_w.l(libinit2.o)
    0x0000028c   0x0000028c   0x00000000   Code   RO          857    .ARM.Collect$$libinit$$00000013  c_w.l(libinit2.o)
    0x0000028c   0x0000028c   0x00000000   Code   RO          859    .ARM.Collect$$libinit$$00000015  c_w.l(libinit2.o)
    0x0000028c   0x0000028c   0x00000000   Code   RO          861    .ARM.Collect$$libinit$$00000017  c_w.l(libinit2.o)
    0x0000028c   0x0000028c   0x00000000   Code   RO          863    .ARM.Collect$$libinit$$00000019  c_w.l(libinit2.o)
    0x0000028c   0x0000028c   0x00000000   Code   RO          865    .ARM.Collect$$libinit$$0000001B  c_w.l(libinit2.o)
    0x0000028c   0x0000028c   0x00000000   Code   RO          867    .ARM.Collect$$libinit$$0000001D  c_w.l(libinit2.o)
    0x0000028c   0x0000028c   0x00000000   Code   RO          869    .ARM.Collect$$libinit$$0000001F  c_w.l(libinit2.o)
    0x0000028c   0x0000028c   0x00000000   Code   RO          871    .ARM.Collect$$libinit$$00000021  c_w.l(libinit2.o)
    0x0000028c   0x0000028c   0x00000000   Code   RO          873    .ARM.Collect$$libinit$$00000023  c_w.l(libinit2.o)
    0x0000028c   0x0000028c   0x00000000   Code   RO          875    .ARM.Collect$$libinit$$00000025  c_w.l(libinit2.o)
    0x0000028c   0x0000028c   0x00000000   Code   RO          879    .ARM.Collect$$libinit$$0000002C  c_w.l(libinit2.o)
    0x0000028c   0x0000028c   0x00000000   Code   RO          881    .ARM.Collect$$libinit$$0000002E  c_w.l(libinit2.o)
    0x0000028c   0x0000028c   0x00000000   Code   RO          883    .ARM.Collect$$libinit$$00000030  c_w.l(libinit2.o)
    0x0000028c   0x0000028c   0x00000000   Code   RO          885    .ARM.Collect$$libinit$$00000032  c_w.l(libinit2.o)
    0x0000028c   0x0000028c   0x00000002   Code   RO          886    .ARM.Collect$$libinit$$00000033  c_w.l(libinit2.o)
    0x0000028e   0x0000028e   0x00000002   Code   RO          906    .ARM.Collect$$libshutdown$$00000000  c_w.l(libshutdown.o)
    0x00000290   0x00000290   0x00000000   Code   RO          919    .ARM.Collect$$libshutdown$$00000002  c_w.l(libshutdown2.o)
    0x00000290   0x00000290   0x00000000   Code   RO          921    .ARM.Collect$$libshutdown$$00000004  c_w.l(libshutdown2.o)
    0x00000290   0x00000290   0x00000000   Code   RO          923    .ARM.Collect$$libshutdown$$00000006  c_w.l(libshutdown2.o)
    0x00000290   0x00000290   0x00000000   Code   RO          926    .ARM.Collect$$libshutdown$$00000009  c_w.l(libshutdown2.o)
    0x00000290   0x00000290   0x00000000   Code   RO          929    .ARM.Collect$$libshutdown$$0000000C  c_w.l(libshutdown2.o)
    0x00000290   0x00000290   0x00000000   Code   RO          931    .ARM.Collect$$libshutdown$$0000000E  c_w.l(libshutdown2.o)
    0x00000290   0x00000290   0x00000000   Code   RO          934    .ARM.Collect$$libshutdown$$00000011  c_w.l(libshutdown2.o)
    0x00000290   0x00000290   0x00000002   Code   RO          935    .ARM.Collect$$libshutdown$$00000012  c_w.l(libshutdown2.o)
    0x00000292   0x00000292   0x00000000   Code   RO          797    .ARM.Collect$$rtentry$$00000000  c_w.l(__rtentry.o)
    0x00000292   0x00000292   0x00000000   Code   RO          811    .ARM.Collect$$rtentry$$00000002  c_w.l(__rtentry2.o)
    0x00000292   0x00000292   0x00000006   Code   RO          823    .ARM.Collect$$rtentry$$00000004  c_w.l(__rtentry4.o)
    0x00000298   0x00000298   0x00000000   Code   RO          813    .ARM.Collect$$rtentry$$00000009  c_w.l(__rtentry2.o)
    0x00000298   0x00000298   0x00000004   Code   RO          814    .ARM.Collect$$rtentry$$0000000A  c_w.l(__rtentry2.o)
    0x0000029c   0x0000029c   0x00000000   Code   RO          816    .ARM.Collect$$rtentry$$0000000C  c_w.l(__rtentry2.o)
    0x0000029c   0x0000029c   0x00000008   Code   RO          817    .ARM.Collect$$rtentry$$0000000D  c_w.l(__rtentry2.o)
    0x000002a4   0x000002a4   0x00000002   Code   RO          840    .ARM.Collect$$rtexit$$00000000  c_w.l(rtexit.o)
    0x000002a6   0x000002a6   0x00000000   Code   RO          888    .ARM.Collect$$rtexit$$00000002  c_w.l(rtexit2.o)
    0x000002a6   0x000002a6   0x00000004   Code   RO          889    .ARM.Collect$$rtexit$$00000003  c_w.l(rtexit2.o)
    0x000002aa   0x000002aa   0x00000006   Code   RO          890    .ARM.Collect$$rtexit$$00000004  c_w.l(rtexit2.o)
    0x000002b0   0x000002b0   0x0000003c   Code   RO          659  * .text               startup_msp432e401y_uvision.o
    0x000002ec   0x000002ec   0x00000028   Code   RO          726    .text               c_w.l(noretval__2sprintf.o)
    0x00000314   0x00000314   0x00000068   Code   RO          728    .text               c_w.l(__printf.o)
    0x0000037c   0x0000037c   0x00000078   Code   RO          730    .text               c_w.l(_printf_dec.o)
    0x000003f4   0x000003f4   0x00000058   Code   RO          735    .text               c_w.l(_printf_hex_int.o)
    0x0000044c   0x0000044c   0x00000006   Code   RO          777    .text               c_w.l(heapauxi.o)
    0x00000452   0x00000452   0x000000b2   Code   RO          798    .text               c_w.l(_printf_intcommon.o)
    0x00000504   0x00000504   0x00000030   Code   RO          800    .text               c_w.l(_printf_char_common.o)
    0x00000534   0x00000534   0x0000000a   Code   RO          802    .text               c_w.l(_sputc.o)
    0x0000053e   0x0000053e   0x0000004a   Code   RO          827    .text               c_w.l(sys_stackheap_outer.o)
    0x00000588   0x00000588   0x00000012   Code   RO          829    .text               c_w.l(exit.o)
    0x0000059a   0x0000059a   0x00000002   PAD
    0x0000059c   0x0000059c   0x00000008   Code   RO          837    .text               c_w.l(libspace.o)
    0x000005a4   0x000005a4   0x0000000c   Code   RO          898    .text               c_w.l(sys_exit.o)
    0x000005b0   0x000005b0   0x00000002   Code   RO          909    .text               c_w.l(use_no_semi.o)
    0x000005b2   0x000005b2   0x00000000   Code   RO          911    .text               c_w.l(indicate_semi.o)
    0x000005b2   0x000005b2   0x00000002   PAD
    0x000005b4   0x000005b4   0x0000005c   Code   RO          455    i.FlashAllLEDs      onboardleds.o
    0x00000610   0x00000610   0x00000014   Code   RO          456    i.FlashI2CError     onboardleds.o
    0x00000624   0x00000624   0x0000000a   Code   RO          457    i.FlashI2CRx        onboardleds.o
    0x0000062e   0x0000062e   0x0000000a   Code   RO          458    i.FlashI2CTx        onboardleds.o
    0x00000638   0x00000638   0x0000001c   Code   RO          459    i.FlashLED1         onboardleds.o
    0x00000654   0x00000654   0x0000001c   Code   RO          460    i.FlashLED2         onboardleds.o
    0x00000670   0x00000670   0x0000001c   Code   RO          461    i.FlashLED3         onboardleds.o
    0x0000068c   0x0000068c   0x0000001c   Code   RO          462    i.FlashLED4         onboardleds.o
    0x000006a8   0x000006a8   0x0000008c   Code   RO          561    i.I2C_Init          2dx_studio_8c.o
    0x00000734   0x00000734   0x0000011c   Code   RO            1    i.PLL_Init          pll.o
    0x00000850   0x00000850   0x00000064   Code   RO          563    i.PortH_Init        2dx_studio_8c.o
    0x000008b4   0x000008b4   0x00000060   Code   RO          564    i.PortL_Init        2dx_studio_8c.o
    0x00000914   0x00000914   0x00000064   Code   RO          565    i.PortM_Init        2dx_studio_8c.o
    0x00000978   0x00000978   0x00000038   Code   RO          566    i.PortN1_Init       2dx_studio_8c.o
    0x000009b0   0x000009b0   0x00000058   Code   RO          518    i.Status_Check      uart.o
    0x00000a08   0x00000a08   0x00000018   Code   RO           21    i.SysTick_Init      systick.o
    0x00000a20   0x00000a20   0x00000020   Code   RO           22    i.SysTick_Wait      systick.o
    0x00000a40   0x00000a40   0x0000001c   Code   RO           23    i.SysTick_Wait10ms  systick.o
    0x00000a5c   0x00000a5c   0x00000028   Code   RO           24    i.SysTick_WaitVarTime  systick.o
    0x00000a84   0x00000a84   0x00000020   Code   RO          668    i.SystemInit        system_msp432e401y.o
    0x00000aa4   0x00000aa4   0x0000001c   Code   RO          519    i.UART_InChar       uart.o
    0x00000ac0   0x00000ac0   0x000000cc   Code   RO          520    i.UART_Init         uart.o
    0x00000b8c   0x00000b8c   0x00000018   Code   RO          521    i.UART_OutChar      uart.o
    0x00000ba4   0x00000ba4   0x00000018   Code   RO          522    i.UART_printf       uart.o
    0x00000bbc   0x00000bbc   0x00000022   Code   RO          179    i.VL53L1X_BootState  vl53l1x_api.o
    0x00000bde   0x00000bde   0x0000003e   Code   RO          180    i.VL53L1X_CheckForDataReady  vl53l1x_api.o
    0x00000c1c   0x00000c1c   0x00000016   Code   RO          181    i.VL53L1X_ClearInterrupt  vl53l1x_api.o
    0x00000c32   0x00000c32   0x00000026   Code   RO          183    i.VL53L1X_GetAmbientRate  vl53l1x_api.o
    0x00000c58   0x00000c58   0x0000001e   Code   RO          184    i.VL53L1X_GetDistance  vl53l1x_api.o
    0x00000c76   0x00000c76   0x00000032   Code   RO          190    i.VL53L1X_GetInterruptPolarity  vl53l1x_api.o
    0x00000ca8   0x00000ca8   0x0000003c   Code   RO          194    i.VL53L1X_GetRangeStatus  vl53l1x_api.o
    0x00000ce4   0x00000ce4   0x00000024   Code   RO          197    i.VL53L1X_GetSensorId  vl53l1x_api.o
    0x00000d08   0x00000d08   0x00000026   Code   RO          200    i.VL53L1X_GetSignalRate  vl53l1x_api.o
    0x00000d2e   0x00000d2e   0x00000020   Code   RO          202    i.VL53L1X_GetSpadNb  vl53l1x_api.o
    0x00000d4e   0x00000d4e   0x00000002   PAD
    0x00000d50   0x00000d50   0x000000e4   Code   RO          205    i.VL53L1X_SensorInit  vl53l1x_api.o
    0x00000e34   0x00000e34   0x00000016   Code   RO          218    i.VL53L1X_StartRanging  vl53l1x_api.o
    0x00000e4a   0x00000e4a   0x00000016   Code   RO          220    i.VL53L1X_StopRanging  vl53l1x_api.o
    0x00000e60   0x00000e60   0x00000024   Code   RO           51    i.VL53L1_RdByte     vl53l1_platform_2dx4.o
    0x00000e84   0x00000e84   0x00000038   Code   RO           53    i.VL53L1_RdWord     vl53l1_platform_2dx4.o
    0x00000ebc   0x00000ebc   0x00000020   Code   RO           55    i.VL53L1_WaitMs     vl53l1_platform_2dx4.o
    0x00000edc   0x00000edc   0x0000001e   Code   RO           56    i.VL53L1_WrByte     vl53l1_platform_2dx4.o
    0x00000efa   0x00000efa   0x00000002   PAD
    0x00000efc   0x00000efc   0x00000020   Code   RO           60    i.beginRxI2C        vl53l1_platform_2dx4.o
    0x00000f1c   0x00000f1c   0x00000020   Code   RO           61    i.beginTxI2C        vl53l1_platform_2dx4.o
    0x00000f3c   0x00000f3c   0x000000d0   Code   RO          569    i.captureDist       2dx_studio_8c.o
    0x0000100c   0x0000100c   0x0000020c   Code   RO          570    i.ctrlSpinFull      2dx_studio_8c.o
    0x00001218   0x00001218   0x00000194   Code   RO          571    i.main              2dx_studio_8c.o
    0x000013ac   0x000013ac   0x000000c4   Code   RO          463    i.onboardLEDs_Init  onboardleds.o
    0x00001470   0x00001470   0x0000004c   Code   RO           62    i.readI2C           vl53l1_platform_2dx4.o
    0x000014bc   0x000014bc   0x000000a0   Code   RO           63    i.writeI2C          vl53l1_platform_2dx4.o
    0x0000155c   0x0000155c   0x00000088   Code   RO           64    i.writeRegisterIndex  vl53l1_platform_2dx4.o
    0x000015e4   0x000015e4   0x00000088   Code   RO           65    i.writeRegisterIndex_nostop  vl53l1_platform_2dx4.o
    0x0000166c   0x0000166c   0x0000000a   Code   RO          896    x$fpl$fpinit        fz_wm.l(fpinit.o)
    0x00001676   0x00001676   0x00000073   Data   RO          222    .constdata          vl53l1x_api.o
    0x000016e9   0x000016e9   0x00000028   Data   RO          736    .constdata          c_w.l(_printf_hex_int.o)
    0x00001711   0x00001711   0x00000003   PAD
    0x00001714   0x00001714   0x00000020   Data   RO          966    Region$$Table       anon$$obj.o


    Execution Region ER_RW (Exec base: 0x20000000, Load base: 0x00001734, Size: 0x00000044, Max: 0xffffffff, ABSOLUTE)

    Exec Addr    Load Addr    Size         Type   Attr      Idx    E Section Name        Object

    0x20000000   0x00001734   0x0000003f   Data   RW          573    .data               2dx_studio_8c.o
    0x2000003f   0x00001773   0x00000001   PAD
    0x20000040   0x00001774   0x00000004   Data   RW          669    .data               system_msp432e401y.o


    Execution Region ER_ZI (Exec base: 0x20000044, Load base: 0x00001778, Size: 0x00000a64, Max: 0xffffffff, ABSOLUTE)

    Exec Addr    Load Addr    Size         Type   Attr      Idx    E Section Name        Object

    0x20000044        -       0x000003ff   Zero   RW          523    .bss                uart.o
    0x20000443        -       0x000003ff   Zero   RW          572    .bss                2dx_studio_8c.o
    0x20000842   0x00001778   0x00000002   PAD
    0x20000844        -       0x00000060   Zero   RW          838    .bss                c_w.l(libspace.o)
    0x200008a4   0x00001778   0x00000004   PAD
    0x200008a8        -       0x00000000   Zero   RW          657    HEAP                startup_msp432e401y_uvision.o
    0x200008a8        -       0x00000200   Zero   RW          656    STACK               startup_msp432e401y_uvision.o


==============================================================================

Image component sizes


      Code (inc. data)   RO Data    RW Data    ZI Data      Debug   Object Name

      1628        338          0         63       1023       6468   2dx_studio_8c.o
       440         38          0          0          0       4752   onboardleds.o
       284         12          0          0          0       5071   pll.o
        60         22        508          0        512        972   startup_msp432e401y_uvision.o
        32         12          0          4          0        775   system_msp432e401y.o
       124         10          0          0          0       2947   systick.o
       368         84          0          0       1023       2774   uart.o
       726         38          0          0          0       7328   vl53l1_platform_2dx4.o
       674         66        115          0          0      11856   vl53l1x_api.o

    ----------------------------------------------------------------------
      4340        620        655         68       2560      42943   Object Totals
         0          0         32          0          0          0   (incl. Generated)
         4          0          0          1          2          0   (incl. Padding)

    ----------------------------------------------------------------------

      Code (inc. data)   RO Data    RW Data    ZI Data      Debug   Library Member Name

         8          0          0          0          0         68   __main.o
       104          0          0          0          0         84   __printf.o
         0          0          0          0          0          0   __rtentry.o
        12          0          0          0          0          0   __rtentry2.o
         6          0          0          0          0          0   __rtentry4.o
        52          8          0          0          0          0   __scatter.o
        26          0          0          0          0          0   __scatter_copy.o
        28          0          0          0          0          0   __scatter_zi.o
        48          6          0          0          0         96   _printf_char_common.o
         6          0          0          0          0          0   _printf_d.o
       120         16          0          0          0         92   _printf_dec.o
        88          4         40          0          0         88   _printf_hex_int.o
       178          0          0          0          0         88   _printf_intcommon.o
         0          0          0          0          0          0   _printf_percent.o
         4          0          0          0          0          0   _printf_percent_end.o
         6          0          0          0          0          0   _printf_u.o
         6          0          0          0          0          0   _printf_x.o
        10          0          0          0          0         68   _sputc.o
        18          0          0          0          0         80   exit.o
         6          0          0          0          0        152   heapauxi.o
         0          0          0          0          0          0   indicate_semi.o
         2          0          0          0          0          0   libinit.o
         6          0          0          0          0          0   libinit2.o
         2          0          0          0          0          0   libshutdown.o
         2          0          0          0          0          0   libshutdown2.o
         8          4          0          0         96         68   libspace.o
        40          6          0          0          0         84   noretval__2sprintf.o
         2          0          0          0          0          0   rtexit.o
        10          0          0          0          0          0   rtexit2.o
        12          4          0          0          0         68   sys_exit.o
        74          0          0          0          0         80   sys_stackheap_outer.o
         2          0          0          0          0         68   use_no_semi.o
        10          0          0          0          0        116   fpinit.o

    ----------------------------------------------------------------------
       902         48         43          0        100       1300   Library Totals
         6          0          3          0          4          0   (incl. Padding)

    ----------------------------------------------------------------------

      Code (inc. data)   RO Data    RW Data    ZI Data      Debug   Library Name

       886         48         40          0         96       1184   c_w.l
        10          0          0          0          0        116   fz_wm.l

    ----------------------------------------------------------------------
       902         48         43          0        100       1300   Library Totals

    ----------------------------------------------------------------------

==============================================================================


      Code (inc. data)   RO Data    RW Data    ZI Data      Debug   

      5242        668        698         68       2660      39223   Grand Totals
      5242        668        698         68       2660      39223   ELF Image Totals
      5242        668        698         68          0          0   ROM Totals

==============================================================================

    Total RO  Size (Code + RO Data)                 5940 (   5.80kB)
    Total RW  Size (RW Data + ZI Data)              2728 (   2.66kB)
    Total ROM Size (Code + RO Data + RW Data)       6008 (   5.87kB)

==============================================================================

